<!doctype html public "-//w3c//dtd html 4.0 transitional//en">
<html><head>
<title>Static Call Graph - [.\BUILD\mbed-os-tcp-server-example.axf]</title></head>
<body><HR>
<H1>Static Call Graph for image .\BUILD\mbed-os-tcp-server-example.axf</H1><HR>
<BR><P>#&#060CALLGRAPH&#062# ARM Linker, 5060061: Last Updated: Sat May 06 18:34:17 2017
<BR><P>
<H3>Maximum Stack Usage =       1504 bytes + Unknown(Cycles, Untraceable Function Pointers)</H3><H3>
Call chain for Maximum Stack Depth:</H3>
pre_main &rArr; main &rArr; $Super$$main &rArr; EthernetInterface::connect() &rArr; mbed_lwip_bringup &rArr; mbed_lwip_init &rArr; netif_add &rArr; netif_set_addr &rArr; netif_set_ipaddr &rArr; tcp_netif_ipv4_addr_changed &rArr; tcp_netif_ipv4_addr_changed_pcblist &rArr; tcp_abort &rArr; tcp_abandon &rArr; tcp_pcb_remove &rArr; tcp_output &rArr; tcp_output_segment &rArr; ip4_output_if &rArr; ip4_output_if_opt &rArr; ip4_output_if_opt_src &rArr; ip4_frag &rArr; pbuf_alloc &rArr; pbuf_free &rArr; memp_free &rArr; do_memp_free_pool &rArr; sys_arch_unprotect &rArr; error &rArr; mbed_error_vfprintf &rArr; serial_init &rArr; pinmap_pinout &rArr;  error (Cycle)
<P>
<H3>
Mutually Recursive functions
</H3> <LI><a href="#[2b2]">core_util_critical_section_enter</a>&nbsp;&nbsp;&nbsp;&rArr;&nbsp;&nbsp;&nbsp;<a href="#[231]">mbed_assert_internal</a><BR>
 <LI><a href="#[373]">mbed_error_printf</a>&nbsp;&nbsp;&nbsp;&rArr;&nbsp;&nbsp;&nbsp;<a href="#[2fe]">mbed_error_vfprintf</a><BR>
 <LI><a href="#[3be]">pinmap_pinout</a>&nbsp;&nbsp;&nbsp;&rArr;&nbsp;&nbsp;&nbsp;<a href="#[21a]">error</a><BR>
 <LI><a href="#[219]">Set_GPIO_Clock</a>&nbsp;&nbsp;&nbsp;&rArr;&nbsp;&nbsp;&nbsp;<a href="#[21a]">error</a><BR>
 <LI><a href="#[3bc]">pinmap_peripheral</a>&nbsp;&nbsp;&nbsp;&rArr;&nbsp;&nbsp;&nbsp;<a href="#[21a]">error</a><BR>
 <LI><a href="#[3bb]">pinmap_merge</a>&nbsp;&nbsp;&nbsp;&rArr;&nbsp;&nbsp;&nbsp;<a href="#[21a]">error</a><BR>
 <LI><a href="#[334]">init_uart</a>&nbsp;&nbsp;&nbsp;&rArr;&nbsp;&nbsp;&nbsp;<a href="#[21a]">error</a><BR>
 <LI><a href="#[11]">NMI_Handler</a>&nbsp;&nbsp;&nbsp;&rArr;&nbsp;&nbsp;&nbsp;<a href="#[11]">NMI_Handler</a><BR>
 <LI><a href="#[12]">HardFault_Handler</a>&nbsp;&nbsp;&nbsp;&rArr;&nbsp;&nbsp;&nbsp;<a href="#[12]">HardFault_Handler</a><BR>
 <LI><a href="#[13]">MemManage_Handler</a>&nbsp;&nbsp;&nbsp;&rArr;&nbsp;&nbsp;&nbsp;<a href="#[13]">MemManage_Handler</a><BR>
 <LI><a href="#[14]">BusFault_Handler</a>&nbsp;&nbsp;&nbsp;&rArr;&nbsp;&nbsp;&nbsp;<a href="#[14]">BusFault_Handler</a><BR>
 <LI><a href="#[15]">UsageFault_Handler</a>&nbsp;&nbsp;&nbsp;&rArr;&nbsp;&nbsp;&nbsp;<a href="#[15]">UsageFault_Handler</a><BR>
 <LI><a href="#[17]">DebugMon_Handler</a>&nbsp;&nbsp;&nbsp;&rArr;&nbsp;&nbsp;&nbsp;<a href="#[17]">DebugMon_Handler</a><BR>
 <LI><a href="#[2c]">ADC_IRQHandler</a>&nbsp;&nbsp;&nbsp;&rArr;&nbsp;&nbsp;&nbsp;<a href="#[2c]">ADC_IRQHandler</a><BR>
 <LI><a href="#[361]">netconn_drain</a>&nbsp;&nbsp;&nbsp;&rArr;&nbsp;&nbsp;&nbsp;<a href="#[361]">netconn_drain</a><BR>
</UL>
<P>
<H3>
Function Pointers
</H3><UL>
 <LI><a href="#[96]">&lang;Func4&rang;</a> from serialbase.o(i.<Func4>) referenced from serialbase.o(i._ZN4mbed10SerialBaseC1E7PinNameS1_i)
 <LI><a href="#[2c]">ADC_IRQHandler</a> from startup_stm32f769xx.o(.text) referenced from startup_stm32f769xx.o(RESET)
 <LI><a href="#[14]">BusFault_Handler</a> from startup_stm32f769xx.o(.text) referenced from startup_stm32f769xx.o(RESET)
 <LI><a href="#[2e]">CAN1_RX0_IRQHandler</a> from can_api.o(i.CAN1_RX0_IRQHandler) referenced from startup_stm32f769xx.o(RESET)
 <LI><a href="#[2f]">CAN1_RX1_IRQHandler</a> from startup_stm32f769xx.o(.text) referenced from startup_stm32f769xx.o(RESET)
 <LI><a href="#[30]">CAN1_SCE_IRQHandler</a> from can_api.o(i.CAN1_SCE_IRQHandler) referenced from startup_stm32f769xx.o(RESET)
 <LI><a href="#[2d]">CAN1_TX_IRQHandler</a> from can_api.o(i.CAN1_TX_IRQHandler) referenced from startup_stm32f769xx.o(RESET)
 <LI><a href="#[5a]">CAN2_RX0_IRQHandler</a> from can_api.o(i.CAN2_RX0_IRQHandler) referenced from startup_stm32f769xx.o(RESET)
 <LI><a href="#[5b]">CAN2_RX1_IRQHandler</a> from startup_stm32f769xx.o(.text) referenced from startup_stm32f769xx.o(RESET)
 <LI><a href="#[5c]">CAN2_SCE_IRQHandler</a> from can_api.o(i.CAN2_SCE_IRQHandler) referenced from startup_stm32f769xx.o(RESET)
 <LI><a href="#[59]">CAN2_TX_IRQHandler</a> from can_api.o(i.CAN2_TX_IRQHandler) referenced from startup_stm32f769xx.o(RESET)
 <LI><a href="#[82]">CAN3_RX0_IRQHandler</a> from startup_stm32f769xx.o(.text) referenced from startup_stm32f769xx.o(RESET)
 <LI><a href="#[83]">CAN3_RX1_IRQHandler</a> from startup_stm32f769xx.o(.text) referenced from startup_stm32f769xx.o(RESET)
 <LI><a href="#[84]">CAN3_SCE_IRQHandler</a> from startup_stm32f769xx.o(.text) referenced from startup_stm32f769xx.o(RESET)
 <LI><a href="#[81]">CAN3_TX_IRQHandler</a> from startup_stm32f769xx.o(.text) referenced from startup_stm32f769xx.o(RESET)
 <LI><a href="#[77]">CEC_IRQHandler</a> from startup_stm32f769xx.o(.text) referenced from startup_stm32f769xx.o(RESET)
 <LI><a href="#[68]">DCMI_IRQHandler</a> from startup_stm32f769xx.o(.text) referenced from startup_stm32f769xx.o(RESET)
 <LI><a href="#[7c]">DFSDM1_FLT0_IRQHandler</a> from startup_stm32f769xx.o(.text) referenced from startup_stm32f769xx.o(RESET)
 <LI><a href="#[7d]">DFSDM1_FLT1_IRQHandler</a> from startup_stm32f769xx.o(.text) referenced from startup_stm32f769xx.o(RESET)
 <LI><a href="#[7e]">DFSDM1_FLT2_IRQHandler</a> from startup_stm32f769xx.o(.text) referenced from startup_stm32f769xx.o(RESET)
 <LI><a href="#[7f]">DFSDM1_FLT3_IRQHandler</a> from startup_stm32f769xx.o(.text) referenced from startup_stm32f769xx.o(RESET)
 <LI><a href="#[25]">DMA1_Stream0_IRQHandler</a> from startup_stm32f769xx.o(.text) referenced from startup_stm32f769xx.o(RESET)
 <LI><a href="#[26]">DMA1_Stream1_IRQHandler</a> from startup_stm32f769xx.o(.text) referenced from startup_stm32f769xx.o(RESET)
 <LI><a href="#[27]">DMA1_Stream2_IRQHandler</a> from startup_stm32f769xx.o(.text) referenced from startup_stm32f769xx.o(RESET)
 <LI><a href="#[28]">DMA1_Stream3_IRQHandler</a> from startup_stm32f769xx.o(.text) referenced from startup_stm32f769xx.o(RESET)
 <LI><a href="#[29]">DMA1_Stream4_IRQHandler</a> from startup_stm32f769xx.o(.text) referenced from startup_stm32f769xx.o(RESET)
 <LI><a href="#[2a]">DMA1_Stream5_IRQHandler</a> from startup_stm32f769xx.o(.text) referenced from startup_stm32f769xx.o(RESET)
 <LI><a href="#[2b]">DMA1_Stream6_IRQHandler</a> from startup_stm32f769xx.o(.text) referenced from startup_stm32f769xx.o(RESET)
 <LI><a href="#[49]">DMA1_Stream7_IRQHandler</a> from startup_stm32f769xx.o(.text) referenced from startup_stm32f769xx.o(RESET)
 <LI><a href="#[73]">DMA2D_IRQHandler</a> from startup_stm32f769xx.o(.text) referenced from startup_stm32f769xx.o(RESET)
 <LI><a href="#[52]">DMA2_Stream0_IRQHandler</a> from startup_stm32f769xx.o(.text) referenced from startup_stm32f769xx.o(RESET)
 <LI><a href="#[53]">DMA2_Stream1_IRQHandler</a> from startup_stm32f769xx.o(.text) referenced from startup_stm32f769xx.o(RESET)
 <LI><a href="#[54]">DMA2_Stream2_IRQHandler</a> from startup_stm32f769xx.o(.text) referenced from startup_stm32f769xx.o(RESET)
 <LI><a href="#[55]">DMA2_Stream3_IRQHandler</a> from startup_stm32f769xx.o(.text) referenced from startup_stm32f769xx.o(RESET)
 <LI><a href="#[56]">DMA2_Stream4_IRQHandler</a> from startup_stm32f769xx.o(.text) referenced from startup_stm32f769xx.o(RESET)
 <LI><a href="#[5e]">DMA2_Stream5_IRQHandler</a> from startup_stm32f769xx.o(.text) referenced from startup_stm32f769xx.o(RESET)
 <LI><a href="#[5f]">DMA2_Stream6_IRQHandler</a> from startup_stm32f769xx.o(.text) referenced from startup_stm32f769xx.o(RESET)
 <LI><a href="#[60]">DMA2_Stream7_IRQHandler</a> from startup_stm32f769xx.o(.text) referenced from startup_stm32f769xx.o(RESET)
 <LI><a href="#[7b]">DSI_IRQHandler</a> from startup_stm32f769xx.o(.text) referenced from startup_stm32f769xx.o(RESET)
 <LI><a href="#[17]">DebugMon_Handler</a> from startup_stm32f769xx.o(.text) referenced from startup_stm32f769xx.o(RESET)
 <LI><a href="#[57]">ETH_IRQHandler</a> from stm32xx_emac.o(i.ETH_IRQHandler) referenced from startup_stm32f769xx.o(RESET)
 <LI><a href="#[58]">ETH_WKUP_IRQHandler</a> from startup_stm32f769xx.o(.text) referenced from startup_stm32f769xx.o(RESET)
 <LI><a href="#[20]">EXTI0_IRQHandler</a> from startup_stm32f769xx.o(.text) referenced from startup_stm32f769xx.o(RESET)
 <LI><a href="#[42]">EXTI15_10_IRQHandler</a> from startup_stm32f769xx.o(.text) referenced from startup_stm32f769xx.o(RESET)
 <LI><a href="#[21]">EXTI1_IRQHandler</a> from startup_stm32f769xx.o(.text) referenced from startup_stm32f769xx.o(RESET)
 <LI><a href="#[22]">EXTI2_IRQHandler</a> from startup_stm32f769xx.o(.text) referenced from startup_stm32f769xx.o(RESET)
 <LI><a href="#[23]">EXTI3_IRQHandler</a> from startup_stm32f769xx.o(.text) referenced from startup_stm32f769xx.o(RESET)
 <LI><a href="#[24]">EXTI4_IRQHandler</a> from startup_stm32f769xx.o(.text) referenced from startup_stm32f769xx.o(RESET)
 <LI><a href="#[31]">EXTI9_5_IRQHandler</a> from startup_stm32f769xx.o(.text) referenced from startup_stm32f769xx.o(RESET)
 <LI><a href="#[1e]">FLASH_IRQHandler</a> from startup_stm32f769xx.o(.text) referenced from startup_stm32f769xx.o(RESET)
 <LI><a href="#[4a]">FMC_IRQHandler</a> from startup_stm32f769xx.o(.text) referenced from startup_stm32f769xx.o(RESET)
 <LI><a href="#[6a]">FPU_IRQHandler</a> from startup_stm32f769xx.o(.text) referenced from startup_stm32f769xx.o(RESET)
 <LI><a href="#[12]">HardFault_Handler</a> from startup_stm32f769xx.o(.text) referenced from startup_stm32f769xx.o(RESET)
 <LI><a href="#[3a]">I2C1_ER_IRQHandler</a> from startup_stm32f769xx.o(.text) referenced from startup_stm32f769xx.o(RESET)
 <LI><a href="#[39]">I2C1_EV_IRQHandler</a> from startup_stm32f769xx.o(.text) referenced from startup_stm32f769xx.o(RESET)
 <LI><a href="#[3c]">I2C2_ER_IRQHandler</a> from startup_stm32f769xx.o(.text) referenced from startup_stm32f769xx.o(RESET)
 <LI><a href="#[3b]">I2C2_EV_IRQHandler</a> from startup_stm32f769xx.o(.text) referenced from startup_stm32f769xx.o(RESET)
 <LI><a href="#[63]">I2C3_ER_IRQHandler</a> from startup_stm32f769xx.o(.text) referenced from startup_stm32f769xx.o(RESET)
 <LI><a href="#[62]">I2C3_EV_IRQHandler</a> from startup_stm32f769xx.o(.text) referenced from startup_stm32f769xx.o(RESET)
 <LI><a href="#[79]">I2C4_ER_IRQHandler</a> from startup_stm32f769xx.o(.text) referenced from startup_stm32f769xx.o(RESET)
 <LI><a href="#[78]">I2C4_EV_IRQHandler</a> from startup_stm32f769xx.o(.text) referenced from startup_stm32f769xx.o(RESET)
 <LI><a href="#[85]">JPEG_IRQHandler</a> from startup_stm32f769xx.o(.text) referenced from startup_stm32f769xx.o(RESET)
 <LI><a href="#[76]">LPTIM1_IRQHandler</a> from startup_stm32f769xx.o(.text) referenced from startup_stm32f769xx.o(RESET)
 <LI><a href="#[72]">LTDC_ER_IRQHandler</a> from startup_stm32f769xx.o(.text) referenced from startup_stm32f769xx.o(RESET)
 <LI><a href="#[71]">LTDC_IRQHandler</a> from startup_stm32f769xx.o(.text) referenced from startup_stm32f769xx.o(RESET)
 <LI><a href="#[86]">MDIOS_IRQHandler</a> from startup_stm32f769xx.o(.text) referenced from startup_stm32f769xx.o(RESET)
 <LI><a href="#[13]">MemManage_Handler</a> from startup_stm32f769xx.o(.text) referenced from startup_stm32f769xx.o(RESET)
 <LI><a href="#[11]">NMI_Handler</a> from startup_stm32f769xx.o(.text) referenced from startup_stm32f769xx.o(RESET)
 <LI><a href="#[5d]">OTG_FS_IRQHandler</a> from startup_stm32f769xx.o(.text) referenced from startup_stm32f769xx.o(RESET)
 <LI><a href="#[44]">OTG_FS_WKUP_IRQHandler</a> from startup_stm32f769xx.o(.text) referenced from startup_stm32f769xx.o(RESET)
 <LI><a href="#[65]">OTG_HS_EP1_IN_IRQHandler</a> from startup_stm32f769xx.o(.text) referenced from startup_stm32f769xx.o(RESET)
 <LI><a href="#[64]">OTG_HS_EP1_OUT_IRQHandler</a> from startup_stm32f769xx.o(.text) referenced from startup_stm32f769xx.o(RESET)
 <LI><a href="#[67]">OTG_HS_IRQHandler</a> from startup_stm32f769xx.o(.text) referenced from startup_stm32f769xx.o(RESET)
 <LI><a href="#[66]">OTG_HS_WKUP_IRQHandler</a> from startup_stm32f769xx.o(.text) referenced from startup_stm32f769xx.o(RESET)
 <LI><a href="#[1b]">PVD_IRQHandler</a> from startup_stm32f769xx.o(.text) referenced from startup_stm32f769xx.o(RESET)
 <LI><a href="#[18]">PendSV_Handler</a> from hal_cm4.o(.emb_text) referenced from startup_stm32f769xx.o(RESET)
 <LI><a href="#[75]">QUADSPI_IRQHandler</a> from startup_stm32f769xx.o(.text) referenced from startup_stm32f769xx.o(RESET)
 <LI><a href="#[1f]">RCC_IRQHandler</a> from startup_stm32f769xx.o(.text) referenced from startup_stm32f769xx.o(RESET)
 <LI><a href="#[69]">RNG_IRQHandler</a> from startup_stm32f769xx.o(.text) referenced from startup_stm32f769xx.o(RESET)
 <LI><a href="#[43]">RTC_Alarm_IRQHandler</a> from startup_stm32f769xx.o(.text) referenced from startup_stm32f769xx.o(RESET)
 <LI><a href="#[1d]">RTC_WKUP_IRQHandler</a> from startup_stm32f769xx.o(.text) referenced from startup_stm32f769xx.o(RESET)
 <LI><a href="#[10]">Reset_Handler</a> from startup_stm32f769xx.o(.text) referenced from startup_stm32f769xx.o(RESET)
 <LI><a href="#[70]">SAI1_IRQHandler</a> from startup_stm32f769xx.o(.text) referenced from startup_stm32f769xx.o(RESET)
 <LI><a href="#[74]">SAI2_IRQHandler</a> from startup_stm32f769xx.o(.text) referenced from startup_stm32f769xx.o(RESET)
 <LI><a href="#[4b]">SDMMC1_IRQHandler</a> from startup_stm32f769xx.o(.text) referenced from startup_stm32f769xx.o(RESET)
 <LI><a href="#[80]">SDMMC2_IRQHandler</a> from startup_stm32f769xx.o(.text) referenced from startup_stm32f769xx.o(RESET)
 <LI><a href="#[7a]">SPDIF_RX_IRQHandler</a> from startup_stm32f769xx.o(.text) referenced from startup_stm32f769xx.o(RESET)
 <LI><a href="#[3d]">SPI1_IRQHandler</a> from startup_stm32f769xx.o(.text) referenced from startup_stm32f769xx.o(RESET)
 <LI><a href="#[3e]">SPI2_IRQHandler</a> from startup_stm32f769xx.o(.text) referenced from startup_stm32f769xx.o(RESET)
 <LI><a href="#[4d]">SPI3_IRQHandler</a> from startup_stm32f769xx.o(.text) referenced from startup_stm32f769xx.o(RESET)
 <LI><a href="#[6d]">SPI4_IRQHandler</a> from startup_stm32f769xx.o(.text) referenced from startup_stm32f769xx.o(RESET)
 <LI><a href="#[6e]">SPI5_IRQHandler</a> from startup_stm32f769xx.o(.text) referenced from startup_stm32f769xx.o(RESET)
 <LI><a href="#[6f]">SPI6_IRQHandler</a> from startup_stm32f769xx.o(.text) referenced from startup_stm32f769xx.o(RESET)
 <LI><a href="#[16]">SVC_Handler</a> from hal_cm4.o(.emb_text) referenced from startup_stm32f769xx.o(RESET)
 <LI><a href="#[19]">SysTick_Handler</a> from hal_cm4.o(.emb_text) referenced from startup_stm32f769xx.o(RESET)
 <LI><a href="#[89]">SystemInit</a> from system_stm32f7xx.o(i.SystemInit) referenced from startup_stm32f769xx.o(.text)
 <LI><a href="#[1c]">TAMP_STAMP_IRQHandler</a> from startup_stm32f769xx.o(.text) referenced from startup_stm32f769xx.o(RESET)
 <LI><a href="#[32]">TIM1_BRK_TIM9_IRQHandler</a> from startup_stm32f769xx.o(.text) referenced from startup_stm32f769xx.o(RESET)
 <LI><a href="#[35]">TIM1_CC_IRQHandler</a> from startup_stm32f769xx.o(.text) referenced from startup_stm32f769xx.o(RESET)
 <LI><a href="#[34]">TIM1_TRG_COM_TIM11_IRQHandler</a> from startup_stm32f769xx.o(.text) referenced from startup_stm32f769xx.o(RESET)
 <LI><a href="#[33]">TIM1_UP_TIM10_IRQHandler</a> from startup_stm32f769xx.o(.text) referenced from startup_stm32f769xx.o(RESET)
 <LI><a href="#[36]">TIM2_IRQHandler</a> from startup_stm32f769xx.o(.text) referenced from startup_stm32f769xx.o(RESET)
 <LI><a href="#[37]">TIM3_IRQHandler</a> from startup_stm32f769xx.o(.text) referenced from startup_stm32f769xx.o(RESET)
 <LI><a href="#[38]">TIM4_IRQHandler</a> from startup_stm32f769xx.o(.text) referenced from startup_stm32f769xx.o(RESET)
 <LI><a href="#[4c]">TIM5_IRQHandler</a> from startup_stm32f769xx.o(.text) referenced from startup_stm32f769xx.o(RESET)
 <LI><a href="#[50]">TIM6_DAC_IRQHandler</a> from startup_stm32f769xx.o(.text) referenced from startup_stm32f769xx.o(RESET)
 <LI><a href="#[51]">TIM7_IRQHandler</a> from startup_stm32f769xx.o(.text) referenced from startup_stm32f769xx.o(RESET)
 <LI><a href="#[45]">TIM8_BRK_TIM12_IRQHandler</a> from startup_stm32f769xx.o(.text) referenced from startup_stm32f769xx.o(RESET)
 <LI><a href="#[48]">TIM8_CC_IRQHandler</a> from startup_stm32f769xx.o(.text) referenced from startup_stm32f769xx.o(RESET)
 <LI><a href="#[47]">TIM8_TRG_COM_TIM14_IRQHandler</a> from startup_stm32f769xx.o(.text) referenced from startup_stm32f769xx.o(RESET)
 <LI><a href="#[46]">TIM8_UP_TIM13_IRQHandler</a> from startup_stm32f769xx.o(.text) referenced from startup_stm32f769xx.o(RESET)
 <LI><a href="#[4e]">UART4_IRQHandler</a> from startup_stm32f769xx.o(.text) referenced from startup_stm32f769xx.o(RESET)
 <LI><a href="#[4f]">UART5_IRQHandler</a> from startup_stm32f769xx.o(.text) referenced from startup_stm32f769xx.o(RESET)
 <LI><a href="#[6b]">UART7_IRQHandler</a> from startup_stm32f769xx.o(.text) referenced from startup_stm32f769xx.o(RESET)
 <LI><a href="#[6c]">UART8_IRQHandler</a> from startup_stm32f769xx.o(.text) referenced from startup_stm32f769xx.o(RESET)
 <LI><a href="#[95]">UART_DMAAbortOnError</a> from stm32f7xx_hal_uart.o(i.UART_DMAAbortOnError) referenced from stm32f7xx_hal_uart.o(i.HAL_UART_IRQHandler)
 <LI><a href="#[3f]">USART1_IRQHandler</a> from startup_stm32f769xx.o(.text) referenced from startup_stm32f769xx.o(RESET)
 <LI><a href="#[40]">USART2_IRQHandler</a> from startup_stm32f769xx.o(.text) referenced from startup_stm32f769xx.o(RESET)
 <LI><a href="#[41]">USART3_IRQHandler</a> from startup_stm32f769xx.o(.text) referenced from startup_stm32f769xx.o(RESET)
 <LI><a href="#[61]">USART6_IRQHandler</a> from startup_stm32f769xx.o(.text) referenced from startup_stm32f769xx.o(RESET)
 <LI><a href="#[15]">UsageFault_Handler</a> from startup_stm32f769xx.o(.text) referenced from startup_stm32f769xx.o(RESET)
 <LI><a href="#[1a]">WWDG_IRQHandler</a> from startup_stm32f769xx.o(.text) referenced from startup_stm32f769xx.o(RESET)
 <LI><a href="#[b4]">SendtoClient()</a> from main.o(i._Z12SendtoClientv) referenced from main.o(i.main)
 <LI><a href="#[b3]">main2()</a> from main.o(i._Z5main2v) referenced from main.o(i.main)
 <LI><a href="#[101]">EthernetInterface::get_ip_address()</a> from ethernetinterface.o(i._ZN17EthernetInterface14get_ip_addressEv) referenced from ethernetinterface.o(.constdata__ZTV17EthernetInterface)
 <LI><a href="#[102]">EthernetInterface::connect()</a> from ethernetinterface.o(i._ZN17EthernetInterface7connectEv) referenced from ethernetinterface.o(.constdata__ZTV17EthernetInterface)
 <LI><a href="#[103]">EthernetInterface::get_stack()</a> from ethernetinterface.o(i._ZN17EthernetInterface9get_stackEv) referenced from ethernetinterface.o(.constdata__ZTV17EthernetInterface)
 <LI><a href="#[106]">NetworkStackWrapper::socket_bind(void*, const SocketAddress&)</a> from networkstack.o(i._ZN19NetworkStackWrapper11socket_bindEPvRK13SocketAddress) referenced from networkstack.o(.constdata__ZTV19NetworkStackWrapper)
 <LI><a href="#[104]">NetworkStackWrapper::socket_open(void**, nsapi_protocol)</a> from networkstack.o(i._ZN19NetworkStackWrapper11socket_openEPPv14nsapi_protocol) referenced from networkstack.o(.constdata__ZTV19NetworkStackWrapper)
 <LI><a href="#[10a]">NetworkStackWrapper::socket_recv(void*, void*, unsigned)</a> from networkstack.o(i._ZN19NetworkStackWrapper11socket_recvEPvS0_j) referenced from networkstack.o(.constdata__ZTV19NetworkStackWrapper)
 <LI><a href="#[109]">NetworkStackWrapper::socket_send(void*, const void*, unsigned)</a> from networkstack.o(i._ZN19NetworkStackWrapper11socket_sendEPvPKvj) referenced from networkstack.o(.constdata__ZTV19NetworkStackWrapper)
 <LI><a href="#[105]">NetworkStackWrapper::socket_close(void*)</a> from networkstack.o(i._ZN19NetworkStackWrapper12socket_closeEPv) referenced from networkstack.o(.constdata__ZTV19NetworkStackWrapper)
 <LI><a href="#[108]">NetworkStackWrapper::socket_accept(void*, void**, SocketAddress*)</a> from networkstack.o(i._ZN19NetworkStackWrapper13socket_acceptEPvPS0_P13SocketAddress) referenced from networkstack.o(.constdata__ZTV19NetworkStackWrapper)
 <LI><a href="#[10b]">NetworkStackWrapper::socket_attach(void*, void(*)(void*), void*)</a> from networkstack.o(i._ZN19NetworkStackWrapper13socket_attachEPvPFvS0_ES0_) referenced from networkstack.o(.constdata__ZTV19NetworkStackWrapper)
 <LI><a href="#[107]">NetworkStackWrapper::socket_listen(void*, int)</a> from networkstack.o(i._ZN19NetworkStackWrapper13socket_listenEPvi) referenced from networkstack.o(.constdata__ZTV19NetworkStackWrapper)
 <LI><a href="#[111]">mbed::FileHandle::flen()</a> from filelike.o(i._ZN4mbed10FileHandle4flenEv) referenced from retarget.o(.constdata__ZTVN4mbed10FileHandleE)
 <LI><a href="#[111]">mbed::FileHandle::flen()</a> from filelike.o(i._ZN4mbed10FileHandle4flenEv) referenced from filelike.o(.constdata__ZTVN4mbed8FileLikeE)
 <LI><a href="#[113]">mbed::FileHandle::lock()</a> from filelike.o(i._ZN4mbed10FileHandle4lockEv) referenced from retarget.o(.constdata__ZTVN4mbed10FileHandleE)
 <LI><a href="#[113]">mbed::FileHandle::lock()</a> from filelike.o(i._ZN4mbed10FileHandle4lockEv) referenced from stream.o(.constdata__ZTVN4mbed6StreamE)
 <LI><a href="#[113]">mbed::FileHandle::lock()</a> from filelike.o(i._ZN4mbed10FileHandle4lockEv) referenced from filelike.o(.constdata__ZTVN4mbed8FileLikeE)
 <LI><a href="#[114]">mbed::FileHandle::unlock()</a> from filelike.o(i._ZN4mbed10FileHandle6unlockEv) referenced from retarget.o(.constdata__ZTVN4mbed10FileHandleE)
 <LI><a href="#[114]">mbed::FileHandle::unlock()</a> from filelike.o(i._ZN4mbed10FileHandle6unlockEv) referenced from stream.o(.constdata__ZTVN4mbed6StreamE)
 <LI><a href="#[114]">mbed::FileHandle::unlock()</a> from filelike.o(i._ZN4mbed10FileHandle6unlockEv) referenced from filelike.o(.constdata__ZTVN4mbed8FileLikeE)
 <LI><a href="#[112]">mbed::FileHandle::~FileHandle__sub_object()</a> from retarget.o(i._ZN4mbed10FileHandleD2Ev) referenced from retarget.o(.constdata__ZTVN4mbed10FileHandleE)
 <LI><a href="#[98]">mbed::SerialBase::_irq_handler(unsigned, SerialIrq)</a> from serialbase.o(i._ZN4mbed10SerialBase12_irq_handlerEj9SerialIrq) referenced from serialbase.o(i._ZN4mbed10SerialBaseC1E7PinNameS1_i)
 <LI><a href="#[ff]">mbed::SerialBase::interrupt_handler_asynch()</a> from serialbase.o(i._ZN4mbed10SerialBase24interrupt_handler_asynchEv) referenced from serialbase.o(.constdata)
 <LI><a href="#[9c]">mbed::Transaction&lang;mbed::SPI&rang;::Transaction()</a> from spi.o(t._ZN4mbed11TransactionINS_3SPIEEC1Ev) referenced from spi.o(i.__sti___7_SPI_cpp_ab1f1164)
 <LI><a href="#[e3]">mbed::Transaction&lang;mbed::SPI&rang;::~Transaction()</a> from spi.o(t._ZN4mbed11TransactionINS_3SPIEED1Ev) referenced from spi.o(t._ZN4mbed14CircularBufferINS_11TransactionINS_3SPIEEELj2EjED1Ev)
 <LI><a href="#[9d]">mbed::CircularBuffer&lang;mbed::Transaction&lang;mbed::SPI&rang;, (unsigned)2, unsigned&rang;::~CircularBuffer()</a> from spi.o(t._ZN4mbed14CircularBufferINS_11TransactionINS_3SPIEEELj2EjED1Ev) referenced from spi.o(i.__sti___7_SPI_cpp_ab1f1164)
 <LI><a href="#[115]">mbed::Serial::lock()</a> from serial.o(i._ZN4mbed6Serial4lockEv) referenced from serial.o(.constdata__ZTVN4mbed6SerialE)
 <LI><a href="#[117]">mbed::Serial::_putc(int)</a> from serial.o(i._ZN4mbed6Serial5_putcEi) referenced from serial.o(.constdata__ZTVN4mbed6SerialE)
 <LI><a href="#[116]">mbed::Serial::unlock()</a> from serial.o(i._ZN4mbed6Serial6unlockEv) referenced from serial.o(.constdata__ZTVN4mbed6SerialE)
 <LI><a href="#[9e]">mbed::Serial::~Serial()</a> from serial.o(i._ZN4mbed6SerialD1Ev) referenced from serial.o(.constdata__ZTVN4mbed6SerialE)
 <LI><a href="#[9e]">mbed::Serial::~Serial()</a> from serial.o(i._ZN4mbed6SerialD1Ev) referenced from main.o(i.__sti___8_main_cpp_pc)
 <LI><a href="#[11c]">mbed::Stream::flen()</a> from stream.o(i._ZN4mbed6Stream4flenEv) referenced from serial.o(.constdata__ZTVN4mbed6SerialE)
 <LI><a href="#[11c]">mbed::Stream::flen()</a> from stream.o(i._ZN4mbed6Stream4flenEv) referenced from stream.o(.constdata__ZTVN4mbed6StreamE)
 <LI><a href="#[119]">mbed::Stream::close()</a> from stream.o(i._ZN4mbed6Stream5closeEv) referenced from serial.o(.constdata__ZTVN4mbed6SerialE)
 <LI><a href="#[119]">mbed::Stream::close()</a> from stream.o(i._ZN4mbed6Stream5closeEv) referenced from stream.o(.constdata__ZTVN4mbed6StreamE)
 <LI><a href="#[11b]">mbed::Stream::lseek(long, int)</a> from stream.o(i._ZN4mbed6Stream5lseekEli) referenced from serial.o(.constdata__ZTVN4mbed6SerialE)
 <LI><a href="#[11b]">mbed::Stream::lseek(long, int)</a> from stream.o(i._ZN4mbed6Stream5lseekEli) referenced from stream.o(.constdata__ZTVN4mbed6StreamE)
 <LI><a href="#[118]">mbed::Stream::write(const void*, unsigned)</a> from stream.o(i._ZN4mbed6Stream5writeEPKvj) referenced from serial.o(.constdata__ZTVN4mbed6SerialE)
 <LI><a href="#[118]">mbed::Stream::write(const void*, unsigned)</a> from stream.o(i._ZN4mbed6Stream5writeEPKvj) referenced from stream.o(.constdata__ZTVN4mbed6StreamE)
 <LI><a href="#[11a]">mbed::Stream::isatty()</a> from stream.o(i._ZN4mbed6Stream6isattyEv) referenced from serial.o(.constdata__ZTVN4mbed6SerialE)
 <LI><a href="#[11a]">mbed::Stream::isatty()</a> from stream.o(i._ZN4mbed6Stream6isattyEv) referenced from stream.o(.constdata__ZTVN4mbed6StreamE)
 <LI><a href="#[120]">mbed::Stream::~Stream__sub_object()</a> from stream.o(i._ZN4mbed6StreamD2Ev) referenced from stream.o(.constdata__ZTVN4mbed6StreamE)
 <LI><a href="#[124]">void mbed::Callback&lang;void(int)&rang;::function_call&lang;void(*)(int)&rang;(const void*, int)</a> from eventqueue.o(t._ZN4mbed8CallbackIFviEE13function_callIPS1_EEvPKvi) referenced from eventqueue.o(.constdata__ZZN4mbed8CallbackIFviEE8generateIPS1_EEvRKT_E3ops)
 <LI><a href="#[126]">void mbed::Callback&lang;void(int)&rang;::function_dtor&lang;void(*)(int)&rang;(void*)</a> from eventqueue.o(t._ZN4mbed8CallbackIFviEE13function_dtorIPS1_EEvPv) referenced from eventqueue.o(.constdata__ZZN4mbed8CallbackIFviEE8generateIPS1_EEvRKT_E3ops)
 <LI><a href="#[125]">void mbed::Callback&lang;void(int)&rang;::function_move&lang;void(*)(int)&rang;(void*, const void*)</a> from eventqueue.o(t._ZN4mbed8CallbackIFviEE13function_moveIPS1_EEvPvPKv) referenced from eventqueue.o(.constdata__ZZN4mbed8CallbackIFviEE8generateIPS1_EEvRKT_E3ops)
 <LI><a href="#[127]">void mbed::Callback&lang;void()&rang;::function_call&lang;mbed::Callback&lang;void()&rang;::method_context&lang;Socket, void(Socket::*)()&rang;&rang;(const void*)</a> from socket.o(t._ZN4mbed8CallbackIFvvEE13function_callINS2_14method_contextI6SocketMS5_FvvEEEEEvPKv) referenced from socket.o(.constdata__ZZN4mbed8CallbackIFvvEE8generateINS2_14method_contextI6SocketMS5_FvvEEEEEvRKT_E3ops)
 <LI><a href="#[12a]">void mbed::Callback&lang;void()&rang;::function_call&lang;mbed::Callback&lang;void()&rang;::method_context&lang;TCPSocket, void(TCPSocket::*)()&rang;&rang;(const void*)</a> from tcpserver.o(t._ZN4mbed8CallbackIFvvEE13function_callINS2_14method_contextI9TCPSocketMS5_FvvEEEEEvPKv) referenced from tcpserver.o(.constdata__ZZN4mbed8CallbackIFvvEE8generateINS2_14method_contextI9TCPSocketMS5_FvvEEEEEvRKT_E3ops)
 <LI><a href="#[12d]">void mbed::Callback&lang;void()&rang;::function_call&lang;void(*)()&rang;(const void*)</a> from can.o(t._ZN4mbed8CallbackIFvvEE13function_callIPS1_EEvPKv) referenced from can.o(.constdata__ZZN4mbed8CallbackIFvvEE8generateIPS1_EEvRKT_E3ops)
 <LI><a href="#[129]">void mbed::Callback&lang;void()&rang;::function_dtor&lang;mbed::Callback&lang;void()&rang;::method_context&lang;Socket, void(Socket::*)()&rang;&rang;(void*)</a> from socket.o(t._ZN4mbed8CallbackIFvvEE13function_dtorINS2_14method_contextI6SocketMS5_FvvEEEEEvPv) referenced from socket.o(.constdata__ZZN4mbed8CallbackIFvvEE8generateINS2_14method_contextI6SocketMS5_FvvEEEEEvRKT_E3ops)
 <LI><a href="#[12c]">void mbed::Callback&lang;void()&rang;::function_dtor&lang;mbed::Callback&lang;void()&rang;::method_context&lang;TCPSocket, void(TCPSocket::*)()&rang;&rang;(void*)</a> from tcpserver.o(t._ZN4mbed8CallbackIFvvEE13function_dtorINS2_14method_contextI9TCPSocketMS5_FvvEEEEEvPv) referenced from tcpserver.o(.constdata__ZZN4mbed8CallbackIFvvEE8generateINS2_14method_contextI9TCPSocketMS5_FvvEEEEEvRKT_E3ops)
 <LI><a href="#[12f]">void mbed::Callback&lang;void()&rang;::function_dtor&lang;void(*)()&rang;(void*)</a> from can.o(t._ZN4mbed8CallbackIFvvEE13function_dtorIPS1_EEvPv) referenced from can.o(.constdata__ZZN4mbed8CallbackIFvvEE8generateIPS1_EEvRKT_E3ops)
 <LI><a href="#[128]">void mbed::Callback&lang;void()&rang;::function_move&lang;mbed::Callback&lang;void()&rang;::method_context&lang;Socket, void(Socket::*)()&rang;&rang;(void*, const void*)</a> from socket.o(t._ZN4mbed8CallbackIFvvEE13function_moveINS2_14method_contextI6SocketMS5_FvvEEEEEvPvPKv) referenced from socket.o(.constdata__ZZN4mbed8CallbackIFvvEE8generateINS2_14method_contextI6SocketMS5_FvvEEEEEvRKT_E3ops)
 <LI><a href="#[12b]">void mbed::Callback&lang;void()&rang;::function_move&lang;mbed::Callback&lang;void()&rang;::method_context&lang;TCPSocket, void(TCPSocket::*)()&rang;&rang;(void*, const void*)</a> from tcpserver.o(t._ZN4mbed8CallbackIFvvEE13function_moveINS2_14method_contextI9TCPSocketMS5_FvvEEEEEvPvPKv) referenced from tcpserver.o(.constdata__ZZN4mbed8CallbackIFvvEE8generateINS2_14method_contextI9TCPSocketMS5_FvvEEEEEvRKT_E3ops)
 <LI><a href="#[12e]">void mbed::Callback&lang;void()&rang;::function_move&lang;void(*)()&rang;(void*, const void*)</a> from can.o(t._ZN4mbed8CallbackIFvvEE13function_moveIPS1_EEvPvPKv) referenced from can.o(.constdata__ZZN4mbed8CallbackIFvvEE8generateIPS1_EEvRKT_E3ops)
 <LI><a href="#[9b]">mbed::Callback&lang;void()&rang;::thunk(void*)</a> from tcpserver.o(t._ZN4mbed8CallbackIFvvEE5thunkEPv) referenced from socket.o(i._ZN6Socket4openEP12NetworkStack)
 <LI><a href="#[9b]">mbed::Callback&lang;void()&rang;::thunk(void*)</a> from tcpserver.o(t._ZN4mbed8CallbackIFvvEE5thunkEPv) referenced from tcpserver.o(i._ZN9TCPServer6acceptEP9TCPSocketP13SocketAddress)
 <LI><a href="#[99]">mbed::Callback&lang;void()&rang;::~Callback()</a> from can.o(t._ZN4mbed8CallbackIFvvEED1Ev) referenced from serial.o(i._ZN4mbed6SerialD1Ev)
 <LI><a href="#[121]">mbed::FileBase::~FileBase()</a> from filebase.o(i._ZN4mbed8FileBaseD1Ev) referenced from filebase.o(.constdata__ZTVN4mbed8FileBaseE)
 <LI><a href="#[122]">mbed::FileLike::~FileLike__sub_object()</a> from filelike.o(i._ZN4mbed8FileLikeD2Ev) referenced from filelike.o(.constdata__ZTVN4mbed8FileLikeE)
 <LI><a href="#[97]">mbed::donothing()</a> from serialbase.o(i._ZN4mbed9donothingEv) referenced from serialbase.o(i._ZN4mbed10SerialBaseC1E7PinNameS1_i)
 <LI><a href="#[9a]">rtos::Thread::_thunk(const void*)</a> from thread.o(i._ZN4rtos6Thread6_thunkEPKv) referenced from thread.o(i._ZN4rtos6Thread5startEN4mbed8CallbackIFvvEEE)
 <LI><a href="#[123]">rtos::Thread::~Thread()</a> from thread.o(i._ZN4rtos6ThreadD1Ev) referenced from thread.o(.constdata__ZTVN4rtos6ThreadE)
 <LI><a href="#[e4]">CThunk&lang;mbed::SerialBase&rang;::trampoline(mbed::SerialBase*, void*, void(mbed::SerialBase::**)(void*))</a> from serialbase.o(t._ZN6CThunkIN4mbed10SerialBaseEE10trampolineEPS1_PvPMS1_FvS4_E) referenced from serialbase.o(t._ZN6CThunkIN4mbed10SerialBaseEE4initEPS1_MS1_FvPvES4_)
 <LI><a href="#[10c]">Socket::~Socket__sub_object()</a> from socket.o(i._ZN6SocketD2Ev) referenced from socket.o(.constdata__ZTV6Socket)
 <LI><a href="#[10e]">TCPServer::event()</a> from tcpserver.o(i._ZN9TCPServer5eventEv) referenced from tcpserver.o(.constdata__ZTV9TCPServer)
 <LI><a href="#[10d]">TCPServer::get_proto()</a> from tcpserver.o(i._ZN9TCPServer9get_protoEv) referenced from tcpserver.o(.constdata__ZTV9TCPServer)
 <LI><a href="#[9f]">TCPServer::~TCPServer()</a> from tcpserver.o(i._ZN9TCPServerD1Ev) referenced from tcpserver.o(.constdata__ZTV9TCPServer)
 <LI><a href="#[9f]">TCPServer::~TCPServer()</a> from tcpserver.o(i._ZN9TCPServerD1Ev) referenced from main.o(i.__sti___8_main_cpp_pc)
 <LI><a href="#[110]">TCPSocket::event()</a> from tcpsocket.o(i._ZN9TCPSocket5eventEv) referenced from tcpsocket.o(.constdata__ZTV9TCPSocket)
 <LI><a href="#[10f]">TCPSocket::get_proto()</a> from tcpsocket.o(i._ZN9TCPSocket9get_protoEv) referenced from tcpsocket.o(.constdata__ZTV9TCPSocket)
 <LI><a href="#[a0]">TCPSocket::~TCPSocket()</a> from tcpsocket.o(i._ZN9TCPSocketD1Ev) referenced from tcpsocket.o(.constdata__ZTV9TCPSocket)
 <LI><a href="#[a0]">TCPSocket::~TCPSocket()</a> from tcpsocket.o(i._ZN9TCPSocketD1Ev) referenced from main.o(i.__sti___8_main_cpp_pc)
 <LI><a href="#[11d]">thunk{-180} to mbed::Serial::lock()</a> from serial.o(i._ZThn180_N4mbed6Serial4lockEv) referenced from serial.o(.constdata__ZTVN4mbed6SerialE)
 <LI><a href="#[11f]">thunk{-180} to mbed::Serial::_putc(int)</a> from serial.o(i._ZThn180_N4mbed6Serial5_putcEi) referenced from serial.o(.constdata__ZTVN4mbed6SerialE)
 <LI><a href="#[11e]">thunk{-180} to mbed::Serial::unlock()</a> from serial.o(i._ZThn180_N4mbed6Serial6unlockEv) referenced from serial.o(.constdata__ZTVN4mbed6SerialE)
 <LI><a href="#[100]">__cxa_pure_virtual</a> from pure_virt.o(i.__cxa_pure_virtual) referenced 3 times from ethernetinterface.o(.constdata__ZTV12EthInterface)
 <LI><a href="#[100]">__cxa_pure_virtual</a> from pure_virt.o(i.__cxa_pure_virtual) referenced 12 times from networkstack.o(.constdata__ZTV12NetworkStack)
 <LI><a href="#[100]">__cxa_pure_virtual</a> from pure_virt.o(i.__cxa_pure_virtual) referenced 3 times from networkinterface.o(.constdata__ZTV16NetworkInterface)
 <LI><a href="#[100]">__cxa_pure_virtual</a> from pure_virt.o(i.__cxa_pure_virtual) referenced 2 times from socket.o(.constdata__ZTV6Socket)
 <LI><a href="#[100]">__cxa_pure_virtual</a> from pure_virt.o(i.__cxa_pure_virtual) referenced 6 times from retarget.o(.constdata__ZTVN4mbed10FileHandleE)
 <LI><a href="#[100]">__cxa_pure_virtual</a> from pure_virt.o(i.__cxa_pure_virtual) referenced 2 times from stream.o(.constdata__ZTVN4mbed6StreamE)
 <LI><a href="#[100]">__cxa_pure_virtual</a> from pure_virt.o(i.__cxa_pure_virtual) referenced 6 times from filelike.o(.constdata__ZTVN4mbed8FileLikeE)
 <LI><a href="#[132]">__main</a> from __main.o(!!!main) referenced from startup_stm32f769xx.o(.text)
 <LI><a href="#[130]">__sti___7_SPI_cpp_ab1f1164</a> from spi.o(i.__sti___7_SPI_cpp_ab1f1164) referenced from spi.o(.init_array)
 <LI><a href="#[131]">__sti___8_main_cpp_pc</a> from main.o(i.__sti___8_main_cpp_pc) referenced from main.o(.init_array)
 <LI><a href="#[a9]">_eth_arch_low_level_output</a> from stm32xx_emac.o(i._eth_arch_low_level_output) referenced from stm32xx_emac.o(i.eth_arch_enetif_init)
 <LI><a href="#[a8]">_eth_arch_netif_output_ipv4</a> from stm32xx_emac.o(i._eth_arch_netif_output_ipv4) referenced from stm32xx_emac.o(i.eth_arch_enetif_init)
 <LI><a href="#[ab]">_eth_arch_phy_task</a> from stm32xx_emac.o(i._eth_arch_phy_task) referenced from stm32xx_emac.o(i.eth_arch_enetif_init)
 <LI><a href="#[aa]">_eth_arch_rx_task</a> from stm32xx_emac.o(i._eth_arch_rx_task) referenced from stm32xx_emac.o(i.eth_arch_enetif_init)
 <LI><a href="#[93]">_fputc$unlocked</a> from fputc.o(i.fputc) referenced from _printf_char_file_locked.o(.text)
 <LI><a href="#[8b]">_get_lc_ctype</a> from lc_ctype_c.o(locale$$code) referenced from rt_ctype_table.o(.text)
 <LI><a href="#[90]">_printf_input_char</a> from _printf_char_common.o(.text) referenced from _printf_char_common.o(.text)
 <LI><a href="#[8f]">_sbackspace</a> from _sgetc.o(.text) referenced from __0sscanf.o(.text)
 <LI><a href="#[91]">_scanf_char_input</a> from scanf_char.o(.text) referenced from scanf_char.o(.text)
 <LI><a href="#[8e]">_sgetc</a> from _sgetc.o(.text) referenced from __0sscanf.o(.text)
 <LI><a href="#[8d]">_snputc</a> from _snputc.o(.text) referenced from __2snprintf.o(.text)
 <LI><a href="#[8c]">_sputc</a> from _sputc.o(.text) referenced 2 times from vsprintf.o(.text)
 <LI><a href="#[b2]">accept_function</a> from lwip_api_msg.o(i.accept_function) referenced from lwip_api_msg.o(i.lwip_netconn_do_listen)
 <LI><a href="#[a5]">cyclic_timer</a> from lwip_timeouts.o(i.cyclic_timer) referenced from lwip_timeouts.o(i.cyclic_timer)
 <LI><a href="#[a5]">cyclic_timer</a> from lwip_timeouts.o(i.cyclic_timer) referenced from lwip_timeouts.o(i.sys_timeouts_init)
 <LI><a href="#[e]">default_idle_hook</a> from rtos_idle.o(i.default_idle_hook) referenced 2 times from rtos_idle.o(.data)
 <LI><a href="#[f5]">dhcp_coarse_tmr</a> from lwip_dhcp.o(i.dhcp_coarse_tmr) referenced from lwip_timeouts.o(.constdata)
 <LI><a href="#[f6]">dhcp_fine_tmr</a> from lwip_dhcp.o(i.dhcp_fine_tmr) referenced from lwip_timeouts.o(.constdata)
 <LI><a href="#[a6]">dhcp_recv</a> from lwip_dhcp.o(i.dhcp_recv) referenced from lwip_dhcp.o(i.dhcp_inc_pcb_refcount)
 <LI><a href="#[a7]">dns_recv</a> from lwip_dns.o(i.dns_recv) referenced from lwip_dns.o(i.dns_alloc_random_port)
 <LI><a href="#[f8]">dns_tmr</a> from lwip_dns.o(i.dns_tmr) referenced from lwip_timeouts.o(.constdata)
 <LI><a href="#[af]">err_tcp</a> from lwip_api_msg.o(i.err_tcp) referenced from lwip_api_msg.o(i.lwip_netconn_do_close_internal)
 <LI><a href="#[af]">err_tcp</a> from lwip_api_msg.o(i.err_tcp) referenced from lwip_api_msg.o(i.setup_tcp)
 <LI><a href="#[b7]">eth_arch_enetif_init</a> from stm32xx_emac.o(i.eth_arch_enetif_init) referenced from lwip_stack.o(i.mbed_lwip_init)
 <LI><a href="#[f4]">etharp_tmr</a> from lwip_etharp.o(i.etharp_tmr) referenced from lwip_timeouts.o(.constdata)
 <LI><a href="#[e1]">ethernet_input</a> from lwip_ethernet.o(i.ethernet_input) referenced from lwip_tcpip.o(i.tcpip_input)
 <LI><a href="#[f7]">igmp_tmr</a> from lwip_igmp.o(i.igmp_tmr) referenced from lwip_timeouts.o(.constdata)
 <LI><a href="#[e2]">ip4_input</a> from lwip_ip4.o(i.ip4_input) referenced from lwip_tcpip.o(i.tcpip_input)
 <LI><a href="#[f3]">ip_reass_tmr</a> from lwip_ip4_frag.o(i.ip_reass_tmr) referenced from lwip_timeouts.o(.constdata)
 <LI><a href="#[ac]">ipfrag_free_pbuf_custom</a> from lwip_ip4_frag.o(i.ipfrag_free_pbuf_custom) referenced from lwip_ip4_frag.o(i.ip4_frag)
 <LI><a href="#[92]">isspace</a> from test_env.o(i.isspace) referenced from scanf_char.o(.text)
 <LI><a href="#[bb]">lwip_netconn_do_bind</a> from lwip_api_msg.o(i.lwip_netconn_do_bind) referenced from lwip_api_lib.o(i.netconn_bind)
 <LI><a href="#[bc]">lwip_netconn_do_close</a> from lwip_api_msg.o(i.lwip_netconn_do_close) referenced from lwip_api_lib.o(i.netconn_close_shutdown)
 <LI><a href="#[bd]">lwip_netconn_do_connect</a> from lwip_api_msg.o(i.lwip_netconn_do_connect) referenced from lwip_api_lib.o(i.netconn_connect)
 <LI><a href="#[b0]">lwip_netconn_do_connected</a> from lwip_api_msg.o(i.lwip_netconn_do_connected) referenced from lwip_api_msg.o(i.lwip_netconn_do_connect)
 <LI><a href="#[be]">lwip_netconn_do_delconn</a> from lwip_api_msg.o(i.lwip_netconn_do_delconn) referenced from lwip_api_lib.o(i.netconn_delete)
 <LI><a href="#[b1]">lwip_netconn_do_dns_found</a> from lwip_api_msg.o(i.lwip_netconn_do_dns_found) referenced from lwip_api_msg.o(i.lwip_netconn_do_gethostbyname)
 <LI><a href="#[bf]">lwip_netconn_do_getaddr</a> from lwip_api_msg.o(i.lwip_netconn_do_getaddr) referenced from lwip_api_lib.o(i.netconn_getaddr)
 <LI><a href="#[c0]">lwip_netconn_do_gethostbyname</a> from lwip_api_msg.o(i.lwip_netconn_do_gethostbyname) referenced from lwip_api_lib.o(i.netconn_gethostbyname)
 <LI><a href="#[c1]">lwip_netconn_do_listen</a> from lwip_api_msg.o(i.lwip_netconn_do_listen) referenced from lwip_api_lib.o(i.netconn_listen_with_backlog)
 <LI><a href="#[c2]">lwip_netconn_do_newconn</a> from lwip_api_msg.o(i.lwip_netconn_do_newconn) referenced from lwip_api_lib.o(i.netconn_new_with_proto_and_callback)
 <LI><a href="#[c3]">lwip_netconn_do_recv</a> from lwip_api_msg.o(i.lwip_netconn_do_recv) referenced from lwip_api_lib.o(i.netconn_recv_data)
 <LI><a href="#[c4]">lwip_netconn_do_send</a> from lwip_api_msg.o(i.lwip_netconn_do_send) referenced from lwip_api_lib.o(i.netconn_send)
 <LI><a href="#[c5]">lwip_netconn_do_write</a> from lwip_api_msg.o(i.lwip_netconn_do_write) referenced from lwip_api_lib.o(i.netconn_write_partly)
 <LI><a href="#[e5]">mbed_lwip_gethostbyname</a> from lwip_stack.o(i.mbed_lwip_gethostbyname) referenced from lwip_stack.o(.constdata)
 <LI><a href="#[b8]">mbed_lwip_netif_link_irq</a> from lwip_stack.o(i.mbed_lwip_netif_link_irq) referenced from lwip_stack.o(i.mbed_lwip_init)
 <LI><a href="#[b9]">mbed_lwip_netif_status_irq</a> from lwip_stack.o(i.mbed_lwip_netif_status_irq) referenced from lwip_stack.o(i.mbed_lwip_init)
 <LI><a href="#[f1]">mbed_lwip_setsockopt</a> from lwip_stack.o(i.mbed_lwip_setsockopt) referenced from lwip_stack.o(.constdata)
 <LI><a href="#[eb]">mbed_lwip_socket_accept</a> from lwip_stack.o(i.mbed_lwip_socket_accept) referenced from lwip_stack.o(.constdata)
 <LI><a href="#[f0]">mbed_lwip_socket_attach</a> from lwip_stack.o(i.mbed_lwip_socket_attach) referenced from lwip_stack.o(.constdata)
 <LI><a href="#[e8]">mbed_lwip_socket_bind</a> from lwip_stack.o(i.mbed_lwip_socket_bind) referenced from lwip_stack.o(.constdata)
 <LI><a href="#[ba]">mbed_lwip_socket_callback</a> from lwip_stack.o(i.mbed_lwip_socket_callback) referenced from lwip_stack.o(i.mbed_lwip_socket_open)
 <LI><a href="#[e7]">mbed_lwip_socket_close</a> from lwip_stack.o(i.mbed_lwip_socket_close) referenced from lwip_stack.o(.constdata)
 <LI><a href="#[ea]">mbed_lwip_socket_connect</a> from lwip_stack.o(i.mbed_lwip_socket_connect) referenced from lwip_stack.o(.constdata)
 <LI><a href="#[e9]">mbed_lwip_socket_listen</a> from lwip_stack.o(i.mbed_lwip_socket_listen) referenced from lwip_stack.o(.constdata)
 <LI><a href="#[e6]">mbed_lwip_socket_open</a> from lwip_stack.o(i.mbed_lwip_socket_open) referenced from lwip_stack.o(.constdata)
 <LI><a href="#[ed]">mbed_lwip_socket_recv</a> from lwip_stack.o(i.mbed_lwip_socket_recv) referenced from lwip_stack.o(.constdata)
 <LI><a href="#[ef]">mbed_lwip_socket_recvfrom</a> from lwip_stack.o(i.mbed_lwip_socket_recvfrom) referenced from lwip_stack.o(.constdata)
 <LI><a href="#[ec]">mbed_lwip_socket_send</a> from lwip_stack.o(i.mbed_lwip_socket_send) referenced from lwip_stack.o(.constdata)
 <LI><a href="#[ee]">mbed_lwip_socket_sendto</a> from lwip_stack.o(i.mbed_lwip_socket_sendto) referenced from lwip_stack.o(.constdata)
 <LI><a href="#[b5]">mbed_lwip_tcpip_init_irq</a> from lwip_stack.o(i.mbed_lwip_tcpip_init_irq) referenced from lwip_stack.o(i.mbed_lwip_init)
 <LI><a href="#[a2]">netif_set_link_down</a> from lwip_netif.o(i.netif_set_link_down) referenced from stm32xx_emac.o(i._eth_arch_phy_task)
 <LI><a href="#[a1]">netif_set_link_up</a> from lwip_netif.o(i.netif_set_link_up) referenced from stm32xx_emac.o(i._eth_arch_phy_task)
 <LI><a href="#[dc]">osThreadExit</a> from rt_cmsis.o(i.osThreadExit) referenced from rt_cmsis.o(i.svcThreadCreate)
 <LI><a href="#[fe]">osTimerThread</a> from rt_cmsis.o(i.osTimerThread) referenced from rtx_conf_cm.o(.constdata)
 <LI><a href="#[da]">os_idle_demon</a> from rtx_conf_cm.o(i.os_idle_demon) referenced from rt_task.o(i.rt_sys_init)
 <LI><a href="#[ae]">poll_tcp</a> from lwip_api_msg.o(i.poll_tcp) referenced from lwip_api_msg.o(i.lwip_netconn_do_close_internal)
 <LI><a href="#[ae]">poll_tcp</a> from lwip_api_msg.o(i.poll_tcp) referenced from lwip_api_msg.o(i.setup_tcp)
 <LI><a href="#[f]">pre_main</a> from rtx_conf_cm.o(i.pre_main) referenced 2 times from rtx_conf_cm.o(.data)
 <LI><a href="#[db]">recv_tcp</a> from lwip_api_msg.o(i.recv_tcp) referenced from lwip_api_msg.o(i.setup_tcp)
 <LI><a href="#[d9]">recv_udp</a> from lwip_api_msg.o(i.recv_udp) referenced from lwip_api_msg.o(i.pcb_new)
 <LI><a href="#[87]">rt_alloc_box</a> from rt_membox.o(i.rt_alloc_box) referenced from hal_cm4.o(.emb_text)
 <LI><a href="#[88]">rt_free_box</a> from rt_membox.o(i.rt_free_box) referenced from hal_cm4.o(.emb_text)
 <LI><a href="#[a4]">rt_mut_release</a> from rt_mutex.o(i.rt_mut_release) referenced from rtx_conf_cm.o(i._mutex_release)
 <LI><a href="#[a3]">rt_mut_wait</a> from rt_mutex.o(i.rt_mut_wait) referenced from rtx_conf_cm.o(i._mutex_acquire)
 <LI><a href="#[ad]">sent_tcp</a> from lwip_api_msg.o(i.sent_tcp) referenced from lwip_api_msg.o(i.lwip_netconn_do_close_internal)
 <LI><a href="#[ad]">sent_tcp</a> from lwip_api_msg.o(i.sent_tcp) referenced from lwip_api_msg.o(i.setup_tcp)
 <LI><a href="#[c6]">svcDelay</a> from rt_cmsis.o(i.svcDelay) referenced from rt_cmsis.o(i.osDelay)
 <LI><a href="#[c7]">svcKernelInitialize</a> from rt_cmsis.o(i.svcKernelInitialize) referenced from rt_cmsis.o(i.osKernelInitialize)
 <LI><a href="#[c8]">svcKernelRunning</a> from rt_cmsis.o(i.svcKernelRunning) referenced from rt_cmsis.o(i.osKernelRunning)
 <LI><a href="#[c9]">svcKernelStart</a> from rt_cmsis.o(i.svcKernelStart) referenced from rt_cmsis.o(i.osKernelStart)
 <LI><a href="#[ca]">svcMessageCreate</a> from rt_cmsis.o(i.svcMessageCreate) referenced from rt_cmsis.o(i.osMessageCreate)
 <LI><a href="#[cb]">svcMessageGet</a> from rt_cmsis.o(i.svcMessageGet) referenced from rt_cmsis.o(i.osMessageGet)
 <LI><a href="#[cc]">svcMessagePut</a> from rt_cmsis.o(i.svcMessagePut) referenced from rt_cmsis.o(i.osMessagePut)
 <LI><a href="#[cd]">svcMutexCreate</a> from rt_cmsis.o(i.svcMutexCreate) referenced from rt_cmsis.o(i.osMutexCreate)
 <LI><a href="#[ce]">svcMutexDelete</a> from rt_cmsis.o(i.svcMutexDelete) referenced from rt_cmsis.o(i.osMutexDelete)
 <LI><a href="#[cf]">svcMutexRelease</a> from rt_cmsis.o(i.svcMutexRelease) referenced from rt_cmsis.o(i.osMutexRelease)
 <LI><a href="#[d0]">svcMutexWait</a> from rt_cmsis.o(i.svcMutexWait) referenced from rt_cmsis.o(i.osMutexWait)
 <LI><a href="#[d1]">svcSemaphoreCreate</a> from rt_cmsis.o(i.svcSemaphoreCreate) referenced from rt_cmsis.o(i.osSemaphoreCreate)
 <LI><a href="#[d2]">svcSemaphoreDelete</a> from rt_cmsis.o(i.svcSemaphoreDelete) referenced from rt_cmsis.o(i.osSemaphoreDelete)
 <LI><a href="#[d3]">svcSemaphoreRelease</a> from rt_cmsis.o(i.svcSemaphoreRelease) referenced from rt_cmsis.o(i.osSemaphoreRelease)
 <LI><a href="#[d4]">svcSemaphoreWait</a> from rt_cmsis.o(i.svcSemaphoreWait) referenced from rt_cmsis.o(i.osSemaphoreWait)
 <LI><a href="#[d5]">svcThreadCreate</a> from rt_cmsis.o(i.svcThreadCreate) referenced from rt_cmsis.o(i.osThreadContextCreate)
 <LI><a href="#[d6]">svcThreadGetId</a> from rt_cmsis.o(i.svcThreadGetId) referenced from rt_cmsis.o(i.osThreadExit)
 <LI><a href="#[d7]">svcThreadTerminate</a> from rt_cmsis.o(i.svcThreadTerminate) referenced from rt_cmsis.o(i.osThreadExit)
 <LI><a href="#[d7]">svcThreadTerminate</a> from rt_cmsis.o(i.svcThreadTerminate) referenced from rt_cmsis.o(i.osThreadTerminate)
 <LI><a href="#[d8]">svcTimerCall</a> from rt_cmsis.o(i.svcTimerCall) referenced from rt_cmsis.o(i.osTimerCall)
 <LI><a href="#[de]">tcp_accept_null</a> from lwip_tcp.o(i.tcp_accept_null) referenced from lwip_tcp.o(i.tcp_listen_with_backlog)
 <LI><a href="#[dd]">tcp_recv_null</a> from lwip_tcp.o(i.tcp_recv_null) referenced from lwip_tcp.o(i.tcp_alloc)
 <LI><a href="#[f2]">tcp_tmr</a> from lwip_tcp.o(i.tcp_tmr) referenced from lwip_timeouts.o(.constdata)
 <LI><a href="#[b6]">tcpip_input</a> from lwip_tcpip.o(i.tcpip_input) referenced from lwip_stack.o(i.mbed_lwip_init)
 <LI><a href="#[df]">tcpip_tcp_timer</a> from lwip_timeouts.o(i.tcpip_tcp_timer) referenced from lwip_timeouts.o(i.tcp_timer_needed)
 <LI><a href="#[df]">tcpip_tcp_timer</a> from lwip_timeouts.o(i.tcpip_tcp_timer) referenced from lwip_timeouts.o(i.tcpip_tcp_timer)
 <LI><a href="#[e0]">tcpip_thread</a> from lwip_tcpip.o(i.tcpip_thread) referenced from lwip_tcpip.o(i.tcpip_init)
 <LI><a href="#[94]">timer_irq_handler</a> from hal_tick.o(i.timer_irq_handler) referenced from hal_tick.o(i.HAL_InitTick)
 <LI><a href="#[fc]">us_ticker_clear_interrupt</a> from us_ticker.o(i.us_ticker_clear_interrupt) referenced from mbed_us_ticker_api.o(.constdata)
 <LI><a href="#[fb]">us_ticker_disable_interrupt</a> from us_ticker.o(i.us_ticker_disable_interrupt) referenced from mbed_us_ticker_api.o(.constdata)
 <LI><a href="#[f9]">us_ticker_init</a> from us_ticker.o(i.us_ticker_init) referenced from mbed_us_ticker_api.o(.constdata)
 <LI><a href="#[fa]">us_ticker_read</a> from us_ticker.o(i.us_ticker_read) referenced from mbed_us_ticker_api.o(.constdata)
 <LI><a href="#[fd]">us_ticker_set_interrupt</a> from us_ticker.o(i.us_ticker_set_interrupt) referenced from mbed_us_ticker_api.o(.constdata)
</UL>
<P>
<H3>
Global Symbols
</H3>
<P><STRONG><a name="[132]"></a>__main</STRONG> (Thumb, 8 bytes, Stack size 0 bytes, __main.o(!!!main))
<BR><BR>[Stack]<UL><LI>Max Depth = 136 + Unknown Stack Size
<LI>Call Chain = __main &rArr; __rt_entry &rArr; osThreadCreate &rArr; osThreadContextCreate &rArr; svcThreadCreate &rArr; rt_tsk_create &rArr; rt_init_context &rArr; rt_init_stack
</UL>
<BR>[Calls]<UL><LI><a href="#[137]">&gt;&gt;</a>&nbsp;&nbsp;&nbsp;__rt_entry
<LI><a href="#[136]">&gt;&gt;</a>&nbsp;&nbsp;&nbsp;__scatterload
</UL>

<P><STRONG><a name="[136]"></a>__scatterload</STRONG> (Thumb, 0 bytes, Stack size unknown bytes, __scatter.o(!!!scatter))
<BR><BR>[Called By]<UL><LI><a href="#[132]">&gt;&gt;</a>&nbsp;&nbsp;&nbsp;__main
</UL>

<P><STRONG><a name="[138]"></a>__scatterload_rt2</STRONG> (Thumb, 44 bytes, Stack size unknown bytes, __scatter.o(!!!scatter), UNUSED)
<BR><BR>[Calls]<UL><LI><a href="#[137]">&gt;&gt;</a>&nbsp;&nbsp;&nbsp;__rt_entry
</UL>

<P><STRONG><a name="[42d]"></a>__scatterload_rt2_thumb_only</STRONG> (Thumb, 0 bytes, Stack size unknown bytes, __scatter.o(!!!scatter), UNUSED)

<P><STRONG><a name="[42e]"></a>__scatterload_null</STRONG> (Thumb, 0 bytes, Stack size unknown bytes, __scatter.o(!!!scatter), UNUSED)

<P><STRONG><a name="[42f]"></a>__decompress</STRONG> (Thumb, 58 bytes, Stack size unknown bytes, __dczerorl.o(!!dczerorl), UNUSED)

<P><STRONG><a name="[430]"></a>__decompress0</STRONG> (Thumb, 0 bytes, Stack size unknown bytes, __dczerorl.o(!!dczerorl), UNUSED)

<P><STRONG><a name="[431]"></a>__scatterload_zeroinit</STRONG> (Thumb, 28 bytes, Stack size unknown bytes, __scatter_zi.o(!!handler_zi), UNUSED)

<P><STRONG><a name="[139]"></a>_printf_n</STRONG> (Thumb, 0 bytes, Stack size unknown bytes, _printf_n.o(.ARM.Collect$$_printf_percent$$00000001))
<BR><BR>[Calls]<UL><LI><a href="#[13a]">&gt;&gt;</a>&nbsp;&nbsp;&nbsp;_printf_charcount
</UL>

<P><STRONG><a name="[18c]"></a>_printf_percent</STRONG> (Thumb, 0 bytes, Stack size unknown bytes, _printf_percent.o(.ARM.Collect$$_printf_percent$$00000000))
<BR><BR>[Called By]<UL><LI><a href="#[18a]">&gt;&gt;</a>&nbsp;&nbsp;&nbsp;__printf
</UL>

<P><STRONG><a name="[13b]"></a>_printf_p</STRONG> (Thumb, 0 bytes, Stack size unknown bytes, _printf_p.o(.ARM.Collect$$_printf_percent$$00000002))
<BR><BR>[Stack]<UL><LI>Max Depth = 64 + Unknown Stack Size
<LI>Call Chain = _printf_p &rArr; _printf_hex_ptr &rArr; _printf_longlong_hex &rArr; _printf_int_common &rArr; _printf_post_padding
</UL>
<BR>[Calls]<UL><LI><a href="#[13c]">&gt;&gt;</a>&nbsp;&nbsp;&nbsp;_printf_hex_ptr
</UL>

<P><STRONG><a name="[13d]"></a>_printf_f</STRONG> (Thumb, 0 bytes, Stack size unknown bytes, _printf_f.o(.ARM.Collect$$_printf_percent$$00000003))
<BR><BR>[Stack]<UL><LI>Max Depth = 320 + Unknown Stack Size
<LI>Call Chain = _printf_f &rArr; _printf_fp_dec &rArr; _printf_fp_dec_real &rArr; _fp_digits &rArr; _btod_etento &rArr; _btod_emul &rArr; _e2e
</UL>
<BR>[Calls]<UL><LI><a href="#[13e]">&gt;&gt;</a>&nbsp;&nbsp;&nbsp;_printf_fp_dec
</UL>

<P><STRONG><a name="[13f]"></a>_printf_e</STRONG> (Thumb, 0 bytes, Stack size unknown bytes, _printf_e.o(.ARM.Collect$$_printf_percent$$00000004))
<BR><BR>[Stack]<UL><LI>Max Depth = 320 + Unknown Stack Size
<LI>Call Chain = _printf_e &rArr; _printf_fp_dec &rArr; _printf_fp_dec_real &rArr; _fp_digits &rArr; _btod_etento &rArr; _btod_emul &rArr; _e2e
</UL>
<BR>[Calls]<UL><LI><a href="#[13e]">&gt;&gt;</a>&nbsp;&nbsp;&nbsp;_printf_fp_dec
</UL>

<P><STRONG><a name="[140]"></a>_printf_g</STRONG> (Thumb, 0 bytes, Stack size unknown bytes, _printf_g.o(.ARM.Collect$$_printf_percent$$00000005))
<BR><BR>[Stack]<UL><LI>Max Depth = 320 + Unknown Stack Size
<LI>Call Chain = _printf_g &rArr; _printf_fp_dec &rArr; _printf_fp_dec_real &rArr; _fp_digits &rArr; _btod_etento &rArr; _btod_emul &rArr; _e2e
</UL>
<BR>[Calls]<UL><LI><a href="#[13e]">&gt;&gt;</a>&nbsp;&nbsp;&nbsp;_printf_fp_dec
</UL>

<P><STRONG><a name="[141]"></a>_printf_a</STRONG> (Thumb, 0 bytes, Stack size unknown bytes, _printf_a.o(.ARM.Collect$$_printf_percent$$00000006))
<BR><BR>[Stack]<UL><LI>Max Depth = 112 + Unknown Stack Size
<LI>Call Chain = _printf_a &rArr; _printf_fp_hex &rArr; _printf_fp_hex_real &rArr; _printf_fp_infnan &rArr; _printf_post_padding
</UL>
<BR>[Calls]<UL><LI><a href="#[142]">&gt;&gt;</a>&nbsp;&nbsp;&nbsp;_printf_fp_hex
</UL>

<P><STRONG><a name="[432]"></a>_printf_ll</STRONG> (Thumb, 0 bytes, Stack size unknown bytes, _printf_ll.o(.ARM.Collect$$_printf_percent$$00000007))

<P><STRONG><a name="[143]"></a>_printf_i</STRONG> (Thumb, 0 bytes, Stack size unknown bytes, _printf_i.o(.ARM.Collect$$_printf_percent$$00000008))
<BR><BR>[Stack]<UL><LI>Max Depth = 72 + Unknown Stack Size
<LI>Call Chain = _printf_i &rArr; _printf_int_dec &rArr; _printf_int_common &rArr; _printf_post_padding
</UL>
<BR>[Calls]<UL><LI><a href="#[144]">&gt;&gt;</a>&nbsp;&nbsp;&nbsp;_printf_int_dec
</UL>

<P><STRONG><a name="[145]"></a>_printf_d</STRONG> (Thumb, 0 bytes, Stack size unknown bytes, _printf_d.o(.ARM.Collect$$_printf_percent$$00000009))
<BR><BR>[Stack]<UL><LI>Max Depth = 72 + Unknown Stack Size
<LI>Call Chain = _printf_d &rArr; _printf_int_dec &rArr; _printf_int_common &rArr; _printf_post_padding
</UL>
<BR>[Calls]<UL><LI><a href="#[144]">&gt;&gt;</a>&nbsp;&nbsp;&nbsp;_printf_int_dec
</UL>

<P><STRONG><a name="[146]"></a>_printf_u</STRONG> (Thumb, 0 bytes, Stack size unknown bytes, _printf_u.o(.ARM.Collect$$_printf_percent$$0000000A))
<BR><BR>[Stack]<UL><LI>Max Depth = 72 + Unknown Stack Size
<LI>Call Chain = _printf_u &rArr; _printf_int_dec &rArr; _printf_int_common &rArr; _printf_post_padding
</UL>
<BR>[Calls]<UL><LI><a href="#[144]">&gt;&gt;</a>&nbsp;&nbsp;&nbsp;_printf_int_dec
</UL>

<P><STRONG><a name="[147]"></a>_printf_o</STRONG> (Thumb, 0 bytes, Stack size unknown bytes, _printf_o.o(.ARM.Collect$$_printf_percent$$0000000B))
<BR><BR>[Stack]<UL><LI>Max Depth = 64 + Unknown Stack Size
<LI>Call Chain = _printf_o &rArr; _printf_int_oct &rArr; _printf_longlong_oct &rArr; _printf_int_common &rArr; _printf_post_padding
</UL>
<BR>[Calls]<UL><LI><a href="#[148]">&gt;&gt;</a>&nbsp;&nbsp;&nbsp;_printf_int_oct
</UL>

<P><STRONG><a name="[149]"></a>_printf_x</STRONG> (Thumb, 0 bytes, Stack size unknown bytes, _printf_x.o(.ARM.Collect$$_printf_percent$$0000000C))
<BR><BR>[Stack]<UL><LI>Max Depth = 80 + Unknown Stack Size
<LI>Call Chain = _printf_x &rArr; _printf_int_hex &rArr; _printf_longlong_hex &rArr; _printf_int_common &rArr; _printf_post_padding
</UL>
<BR>[Calls]<UL><LI><a href="#[14a]">&gt;&gt;</a>&nbsp;&nbsp;&nbsp;_printf_int_hex
</UL>

<P><STRONG><a name="[14b]"></a>_printf_lli</STRONG> (Thumb, 0 bytes, Stack size unknown bytes, _printf_lli.o(.ARM.Collect$$_printf_percent$$0000000D))
<BR><BR>[Stack]<UL><LI>Max Depth = 72 + Unknown Stack Size
<LI>Call Chain = _printf_lli &rArr; _printf_longlong_dec &rArr; _printf_int_common &rArr; _printf_post_padding
</UL>
<BR>[Calls]<UL><LI><a href="#[14c]">&gt;&gt;</a>&nbsp;&nbsp;&nbsp;_printf_longlong_dec
</UL>

<P><STRONG><a name="[14d]"></a>_printf_lld</STRONG> (Thumb, 0 bytes, Stack size unknown bytes, _printf_lld.o(.ARM.Collect$$_printf_percent$$0000000E))
<BR><BR>[Stack]<UL><LI>Max Depth = 72 + Unknown Stack Size
<LI>Call Chain = _printf_lld &rArr; _printf_longlong_dec &rArr; _printf_int_common &rArr; _printf_post_padding
</UL>
<BR>[Calls]<UL><LI><a href="#[14c]">&gt;&gt;</a>&nbsp;&nbsp;&nbsp;_printf_longlong_dec
</UL>

<P><STRONG><a name="[14e]"></a>_printf_llu</STRONG> (Thumb, 0 bytes, Stack size unknown bytes, _printf_llu.o(.ARM.Collect$$_printf_percent$$0000000F))
<BR><BR>[Stack]<UL><LI>Max Depth = 72 + Unknown Stack Size
<LI>Call Chain = _printf_llu &rArr; _printf_longlong_dec &rArr; _printf_int_common &rArr; _printf_post_padding
</UL>
<BR>[Calls]<UL><LI><a href="#[14c]">&gt;&gt;</a>&nbsp;&nbsp;&nbsp;_printf_longlong_dec
</UL>

<P><STRONG><a name="[14f]"></a>_printf_llo</STRONG> (Thumb, 0 bytes, Stack size unknown bytes, _printf_llo.o(.ARM.Collect$$_printf_percent$$00000010))
<BR><BR>[Stack]<UL><LI>Max Depth = 56 + Unknown Stack Size
<LI>Call Chain = _printf_llo &rArr; _printf_ll_oct &rArr; _printf_longlong_oct &rArr; _printf_int_common &rArr; _printf_post_padding
</UL>
<BR>[Calls]<UL><LI><a href="#[150]">&gt;&gt;</a>&nbsp;&nbsp;&nbsp;_printf_ll_oct
</UL>

<P><STRONG><a name="[151]"></a>_printf_llx</STRONG> (Thumb, 0 bytes, Stack size unknown bytes, _printf_llx.o(.ARM.Collect$$_printf_percent$$00000011))
<BR><BR>[Stack]<UL><LI>Max Depth = 64 + Unknown Stack Size
<LI>Call Chain = _printf_llx &rArr; _printf_ll_hex &rArr; _printf_longlong_hex &rArr; _printf_int_common &rArr; _printf_post_padding
</UL>
<BR>[Calls]<UL><LI><a href="#[152]">&gt;&gt;</a>&nbsp;&nbsp;&nbsp;_printf_ll_hex
</UL>

<P><STRONG><a name="[433]"></a>_printf_l</STRONG> (Thumb, 0 bytes, Stack size unknown bytes, _printf_l.o(.ARM.Collect$$_printf_percent$$00000012))

<P><STRONG><a name="[153]"></a>_printf_c</STRONG> (Thumb, 0 bytes, Stack size unknown bytes, _printf_c.o(.ARM.Collect$$_printf_percent$$00000013))
<BR><BR>[Stack]<UL><LI>Max Depth = 40 + Unknown Stack Size
<LI>Call Chain = _printf_c &rArr; _printf_char &rArr; _printf_cs_common &rArr; _printf_str &rArr; _printf_post_padding
</UL>
<BR>[Calls]<UL><LI><a href="#[154]">&gt;&gt;</a>&nbsp;&nbsp;&nbsp;_printf_char
</UL>

<P><STRONG><a name="[155]"></a>_printf_s</STRONG> (Thumb, 0 bytes, Stack size unknown bytes, _printf_s.o(.ARM.Collect$$_printf_percent$$00000014))
<BR><BR>[Stack]<UL><LI>Max Depth = 40 + Unknown Stack Size
<LI>Call Chain = _printf_s &rArr; _printf_string &rArr; _printf_cs_common &rArr; _printf_str &rArr; _printf_post_padding
</UL>
<BR>[Calls]<UL><LI><a href="#[156]">&gt;&gt;</a>&nbsp;&nbsp;&nbsp;_printf_string
</UL>

<P><STRONG><a name="[157]"></a>_printf_lc</STRONG> (Thumb, 0 bytes, Stack size unknown bytes, _printf_lc.o(.ARM.Collect$$_printf_percent$$00000015))
<BR><BR>[Stack]<UL><LI>Max Depth = 96 + Unknown Stack Size
<LI>Call Chain = _printf_lc &rArr; _printf_wchar &rArr; _printf_lcs_common &rArr; _printf_wctomb &rArr; _wcrtomb &rArr; __rt_ctype_table &rArr; __rt_locale
</UL>
<BR>[Calls]<UL><LI><a href="#[158]">&gt;&gt;</a>&nbsp;&nbsp;&nbsp;_printf_wchar
</UL>

<P><STRONG><a name="[159]"></a>_printf_ls</STRONG> (Thumb, 0 bytes, Stack size unknown bytes, _printf_ls.o(.ARM.Collect$$_printf_percent$$00000016))
<BR><BR>[Stack]<UL><LI>Max Depth = 96 + Unknown Stack Size
<LI>Call Chain = _printf_ls &rArr; _printf_wstring &rArr; _printf_lcs_common &rArr; _printf_wctomb &rArr; _wcrtomb &rArr; __rt_ctype_table &rArr; __rt_locale
</UL>
<BR>[Calls]<UL><LI><a href="#[15a]">&gt;&gt;</a>&nbsp;&nbsp;&nbsp;_printf_wstring
</UL>

<P><STRONG><a name="[434]"></a>_printf_percent_end</STRONG> (Thumb, 0 bytes, Stack size unknown bytes, _printf_percent_end.o(.ARM.Collect$$_printf_percent$$00000017))

<P><STRONG><a name="[3bf]"></a>__rt_lib_init</STRONG> (Thumb, 0 bytes, Stack size unknown bytes, libinit.o(.ARM.Collect$$libinit$$00000000))
<BR><BR>[Called By]<UL><LI><a href="#[f]">&gt;&gt;</a>&nbsp;&nbsp;&nbsp;pre_main
</UL>

<P><STRONG><a name="[15b]"></a>__rt_lib_init_fp_1</STRONG> (Thumb, 0 bytes, Stack size unknown bytes, libinit2.o(.ARM.Collect$$libinit$$00000001))
<BR><BR>[Calls]<UL><LI><a href="#[15c]">&gt;&gt;</a>&nbsp;&nbsp;&nbsp;_fp_init
</UL>

<P><STRONG><a name="[15d]"></a>__rt_lib_init_heap_2</STRONG> (Thumb, 0 bytes, Stack size unknown bytes, libinit2.o(.ARM.Collect$$libinit$$00000005))
<BR><BR>[Stack]<UL><LI>Max Depth = 448 + Unknown Stack Size
<LI>Call Chain = __rt_lib_init_heap_2 &rArr; _init_alloc &rArr; __Heap_Initialize &rArr; _mutex_initialize &rArr; error &rArr; mbed_error_vfprintf &rArr; serial_init &rArr; pinmap_pinout &rArr;  error (Cycle)
</UL>
<BR>[Calls]<UL><LI><a href="#[15e]">&gt;&gt;</a>&nbsp;&nbsp;&nbsp;_init_alloc
</UL>

<P><STRONG><a name="[435]"></a>__rt_lib_init_preinit_1</STRONG> (Thumb, 0 bytes, Stack size unknown bytes, libinit2.o(.ARM.Collect$$libinit$$00000004))

<P><STRONG><a name="[436]"></a>__rt_lib_init_heap_1</STRONG> (Thumb, 0 bytes, Stack size unknown bytes, libinit2.o(.ARM.Collect$$libinit$$0000000A))

<P><STRONG><a name="[15f]"></a>__rt_lib_init_rand_2</STRONG> (Thumb, 0 bytes, Stack size unknown bytes, libinit2.o(.ARM.Collect$$libinit$$0000000D))
<BR><BR>[Stack]<UL><LI>Max Depth = 8 + Unknown Stack Size
<LI>Call Chain = __rt_lib_init_rand_2 &rArr; _rand_init &rArr; srand
</UL>
<BR>[Calls]<UL><LI><a href="#[160]">&gt;&gt;</a>&nbsp;&nbsp;&nbsp;_rand_init
</UL>

<P><STRONG><a name="[437]"></a>__rt_lib_init_user_alloc_1</STRONG> (Thumb, 0 bytes, Stack size unknown bytes, libinit2.o(.ARM.Collect$$libinit$$0000000C))

<P><STRONG><a name="[161]"></a>__rt_lib_init_lc_common</STRONG> (Thumb, 0 bytes, Stack size unknown bytes, libinit2.o(.ARM.Collect$$libinit$$0000000F))
<BR><BR>[Stack]<UL><LI>Max Depth = 8 + Unknown Stack Size
<LI>Call Chain = __rt_lib_init_lc_common &rArr; __rt_locale
</UL>
<BR>[Calls]<UL><LI><a href="#[162]">&gt;&gt;</a>&nbsp;&nbsp;&nbsp;__rt_locale
</UL>

<P><STRONG><a name="[438]"></a>__rt_lib_init_rand_1</STRONG> (Thumb, 0 bytes, Stack size unknown bytes, libinit2.o(.ARM.Collect$$libinit$$0000000E))

<P><STRONG><a name="[439]"></a>__rt_lib_init_lc_collate_1</STRONG> (Thumb, 0 bytes, Stack size unknown bytes, libinit2.o(.ARM.Collect$$libinit$$00000011))

<P><STRONG><a name="[163]"></a>__rt_lib_init_lc_ctype_2</STRONG> (Thumb, 0 bytes, Stack size unknown bytes, libinit2.o(.ARM.Collect$$libinit$$00000012))
<BR><BR>[Stack]<UL><LI>Max Depth = 8 + Unknown Stack Size
<LI>Call Chain = __rt_lib_init_lc_ctype_2 &rArr; _get_lc_ctype
</UL>
<BR>[Calls]<UL><LI><a href="#[8b]">&gt;&gt;</a>&nbsp;&nbsp;&nbsp;_get_lc_ctype
</UL>

<P><STRONG><a name="[43a]"></a>__rt_lib_init_lc_ctype_1</STRONG> (Thumb, 0 bytes, Stack size unknown bytes, libinit2.o(.ARM.Collect$$libinit$$00000013))

<P><STRONG><a name="[43b]"></a>__rt_lib_init_lc_monetary_1</STRONG> (Thumb, 0 bytes, Stack size unknown bytes, libinit2.o(.ARM.Collect$$libinit$$00000015))

<P><STRONG><a name="[164]"></a>__rt_lib_init_lc_numeric_2</STRONG> (Thumb, 0 bytes, Stack size unknown bytes, libinit2.o(.ARM.Collect$$libinit$$00000016))
<BR><BR>[Stack]<UL><LI>Max Depth = 8 + Unknown Stack Size
<LI>Call Chain = __rt_lib_init_lc_numeric_2 &rArr; _get_lc_numeric
</UL>
<BR>[Calls]<UL><LI><a href="#[165]">&gt;&gt;</a>&nbsp;&nbsp;&nbsp;_get_lc_numeric
</UL>

<P><STRONG><a name="[43c]"></a>__rt_lib_init_atexit_1</STRONG> (Thumb, 0 bytes, Stack size unknown bytes, libinit2.o(.ARM.Collect$$libinit$$0000001B))

<P><STRONG><a name="[43d]"></a>__rt_lib_init_clock_1</STRONG> (Thumb, 0 bytes, Stack size unknown bytes, libinit2.o(.ARM.Collect$$libinit$$00000021))

<P><STRONG><a name="[43e]"></a>__rt_lib_init_fp_trap_1</STRONG> (Thumb, 0 bytes, Stack size unknown bytes, libinit2.o(.ARM.Collect$$libinit$$0000001F))

<P><STRONG><a name="[43f]"></a>__rt_lib_init_getenv_1</STRONG> (Thumb, 0 bytes, Stack size unknown bytes, libinit2.o(.ARM.Collect$$libinit$$00000023))

<P><STRONG><a name="[440]"></a>__rt_lib_init_lc_numeric_1</STRONG> (Thumb, 0 bytes, Stack size unknown bytes, libinit2.o(.ARM.Collect$$libinit$$00000017))

<P><STRONG><a name="[441]"></a>__rt_lib_init_lc_time_1</STRONG> (Thumb, 0 bytes, Stack size unknown bytes, libinit2.o(.ARM.Collect$$libinit$$00000019))

<P><STRONG><a name="[442]"></a>__rt_lib_init_signal_1</STRONG> (Thumb, 0 bytes, Stack size unknown bytes, libinit2.o(.ARM.Collect$$libinit$$0000001D))

<P><STRONG><a name="[166]"></a>__rt_lib_init_stdio_2</STRONG> (Thumb, 0 bytes, Stack size unknown bytes, libinit2.o(.ARM.Collect$$libinit$$00000024))
<BR><BR>[Stack]<UL><LI>Max Depth = 600 + Unknown Stack Size
<LI>Call Chain = __rt_lib_init_stdio_2 &rArr; _initio &rArr; freopen &rArr; _freopen_locked &rArr; _sys_open &rArr; mbed::FilePath::FilePath(const char*) &rArr; mbed::FileBase::lookup(const char*, unsigned) &rArr; SingletonPtr&lang;rtos::Mutex&rang;::operator -&rang;() &rArr; SingletonPtr&lang;rtos::Mutex&rang;::get() &rArr; rtos::Mutex::Mutex() &rArr; error &rArr; mbed_error_vfprintf &rArr; serial_init &rArr; pinmap_pinout &rArr;  error (Cycle)
</UL>
<BR>[Calls]<UL><LI><a href="#[167]">&gt;&gt;</a>&nbsp;&nbsp;&nbsp;_initio
</UL>

<P><STRONG><a name="[443]"></a>__rt_lib_init_alloca_1</STRONG> (Thumb, 0 bytes, Stack size unknown bytes, libinit2.o(.ARM.Collect$$libinit$$0000002E))

<P><STRONG><a name="[444]"></a>__rt_lib_init_argv_1</STRONG> (Thumb, 0 bytes, Stack size unknown bytes, libinit2.o(.ARM.Collect$$libinit$$0000002C))

<P><STRONG><a name="[168]"></a>__rt_lib_init_cpp_2</STRONG> (Thumb, 0 bytes, Stack size unknown bytes, libinit2.o(.ARM.Collect$$libinit$$00000031))
<BR><BR>[Stack]<UL><LI>Max Depth = 16 + Unknown Stack Size
<LI>Call Chain = __rt_lib_init_cpp_2 &rArr; __cpp_initialize__aeabi_
</UL>
<BR>[Calls]<UL><LI><a href="#[135]">&gt;&gt;</a>&nbsp;&nbsp;&nbsp;__cpp_initialize__aeabi_
</UL>

<P><STRONG><a name="[445]"></a>__rt_lib_init_exceptions_1</STRONG> (Thumb, 0 bytes, Stack size unknown bytes, libinit2.o(.ARM.Collect$$libinit$$00000030))

<P><STRONG><a name="[446]"></a>__rt_lib_init_stdio_1</STRONG> (Thumb, 0 bytes, Stack size unknown bytes, libinit2.o(.ARM.Collect$$libinit$$00000025))

<P><STRONG><a name="[447]"></a>__rt_lib_init_cpp_1</STRONG> (Thumb, 0 bytes, Stack size unknown bytes, libinit2.o(.ARM.Collect$$libinit$$00000032))

<P><STRONG><a name="[448]"></a>__rt_lib_init_return</STRONG> (Thumb, 0 bytes, Stack size unknown bytes, libinit2.o(.ARM.Collect$$libinit$$00000033))

<P><STRONG><a name="[449]"></a>__rt_lib_shutdown_stdio_2</STRONG> (Thumb, 0 bytes, Stack size 0 bytes, libshutdown2.o(.ARM.Collect$$libshutdown$$00000004))

<P><STRONG><a name="[44a]"></a>rt_set_PSP</STRONG> (Thumb, 6 bytes, Stack size 0 bytes, hal_cm4.o(.emb_text), UNUSED)

<P><STRONG><a name="[3e4]"></a>rt_get_PSP</STRONG> (Thumb, 6 bytes, Stack size 0 bytes, hal_cm4.o(.emb_text))
<BR><BR>[Called By]<UL><LI><a href="#[3e3]">&gt;&gt;</a>&nbsp;&nbsp;&nbsp;rt_tsk_delete
</UL>

<P><STRONG><a name="[44b]"></a>os_set_env</STRONG> (Thumb, 24 bytes, Stack size 0 bytes, hal_cm4.o(.emb_text), UNUSED)

<P><STRONG><a name="[44c]"></a>_alloc_box</STRONG> (Thumb, 28 bytes, Stack size 0 bytes, hal_cm4.o(.emb_text), UNUSED)

<P><STRONG><a name="[44d]"></a>_free_box</STRONG> (Thumb, 28 bytes, Stack size 0 bytes, hal_cm4.o(.emb_text), UNUSED)

<P><STRONG><a name="[16]"></a>SVC_Handler</STRONG> (Thumb, 168 bytes, Stack size 0 bytes, hal_cm4.o(.emb_text))
<BR><BR>[Stack]<UL><LI>Max Depth = 432 + Unknown Stack Size
<LI>Call Chain = SVC_Handler &rArr; rt_stk_check &rArr; os_error &rArr; error &rArr; mbed_error_vfprintf &rArr; serial_init &rArr; pinmap_pinout &rArr;  error (Cycle)
</UL>
<BR>[Calls]<UL><LI><a href="#[169]">&gt;&gt;</a>&nbsp;&nbsp;&nbsp;rt_stk_check
</UL>
<BR>[Address Reference Count : 1]<UL><LI> startup_stm32f769xx.o(RESET)
</UL>
<P><STRONG><a name="[18]"></a>PendSV_Handler</STRONG> (Thumb, 96 bytes, Stack size 0 bytes, hal_cm4.o(.emb_text))
<BR><BR>[Stack]<UL><LI>Max Depth = 464 + Unknown Stack Size
<LI>Call Chain = PendSV_Handler &rArr; rt_pop_req &rArr; rt_mbx_psh &rArr; os_error &rArr; error &rArr; mbed_error_vfprintf &rArr; serial_init &rArr; pinmap_pinout &rArr;  error (Cycle)
</UL>
<BR>[Calls]<UL><LI><a href="#[169]">&gt;&gt;</a>&nbsp;&nbsp;&nbsp;rt_stk_check
<LI><a href="#[16a]">&gt;&gt;</a>&nbsp;&nbsp;&nbsp;rt_pop_req
</UL>
<BR>[Address Reference Count : 1]<UL><LI> startup_stm32f769xx.o(RESET)
</UL>
<P><STRONG><a name="[19]"></a>SysTick_Handler</STRONG> (Thumb, 8 bytes, Stack size 0 bytes, hal_cm4.o(.emb_text))
<BR><BR>[Stack]<UL><LI>Max Depth = 504 + Unknown Stack Size
<LI>Call Chain = SysTick_Handler &rArr; rt_systick &rArr; sysTimerTick &rArr; isrMessagePut &rArr; isr_mbx_send &rArr; rt_psq_enq &rArr; os_error &rArr; error &rArr; mbed_error_vfprintf &rArr; serial_init &rArr; pinmap_pinout &rArr;  error (Cycle)
</UL>
<BR>[Calls]<UL><LI><a href="#[16b]">&gt;&gt;</a>&nbsp;&nbsp;&nbsp;rt_systick
</UL>
<BR>[Address Reference Count : 1]<UL><LI> startup_stm32f769xx.o(RESET)
</UL>
<P><STRONG><a name="[16c]"></a>OS_Tick_Handler</STRONG> (Thumb, 12 bytes, Stack size 0 bytes, hal_cm4.o(.emb_text), UNUSED)
<BR><BR>[Calls]<UL><LI><a href="#[16b]">&gt;&gt;</a>&nbsp;&nbsp;&nbsp;rt_systick
<LI><a href="#[16d]">&gt;&gt;</a>&nbsp;&nbsp;&nbsp;os_tick_irqack
</UL>

<P><STRONG><a name="[137]"></a>__rt_entry</STRONG> (Thumb, 32 bytes, Stack size 0 bytes, rtx_conf_cm.o(.emb_text))
<BR><BR>[Stack]<UL><LI>Max Depth = 136<LI>Call Chain = __rt_entry &rArr; osThreadCreate &rArr; osThreadContextCreate &rArr; svcThreadCreate &rArr; rt_tsk_create &rArr; rt_init_context &rArr; rt_init_stack
</UL>
<BR>[Calls]<UL><LI><a href="#[172]">&gt;&gt;</a>&nbsp;&nbsp;&nbsp;osThreadCreate
<LI><a href="#[16f]">&gt;&gt;</a>&nbsp;&nbsp;&nbsp;_platform_post_stackheap_init
<LI><a href="#[171]">&gt;&gt;</a>&nbsp;&nbsp;&nbsp;set_stack_heap
<LI><a href="#[16e]">&gt;&gt;</a>&nbsp;&nbsp;&nbsp;__user_setup_stackheap
<LI><a href="#[173]">&gt;&gt;</a>&nbsp;&nbsp;&nbsp;osKernelStart
<LI><a href="#[170]">&gt;&gt;</a>&nbsp;&nbsp;&nbsp;osKernelInitialize
</UL>
<BR>[Called By]<UL><LI><a href="#[132]">&gt;&gt;</a>&nbsp;&nbsp;&nbsp;__main
<LI><a href="#[138]">&gt;&gt;</a>&nbsp;&nbsp;&nbsp;__scatterload_rt2
</UL>

<P><STRONG><a name="[2c2]"></a>rand</STRONG> (Thumb, 48 bytes, Stack size 0 bytes, rand.o(.emb_text))
<BR><BR>[Called By]<UL><LI><a href="#[2ea]">&gt;&gt;</a>&nbsp;&nbsp;&nbsp;dns_create_txid
<LI><a href="#[2e5]">&gt;&gt;</a>&nbsp;&nbsp;&nbsp;dns_alloc_random_port
<LI><a href="#[2c1]">&gt;&gt;</a>&nbsp;&nbsp;&nbsp;dhcp_create_msg
<LI><a href="#[35b]">&gt;&gt;</a>&nbsp;&nbsp;&nbsp;udp_init
<LI><a href="#[35c]">&gt;&gt;</a>&nbsp;&nbsp;&nbsp;tcp_init
<LI><a href="#[323]">&gt;&gt;</a>&nbsp;&nbsp;&nbsp;igmp_start_timer
</UL>

<P><STRONG><a name="[2f5]"></a>__asm___10_lwip_dns_c_dns_init____REV16</STRONG> (Thumb, 4 bytes, Stack size 0 bytes, lwip_dns.o(.rev16_text))
<BR><BR>[Called By]<UL><LI><a href="#[2eb]">&gt;&gt;</a>&nbsp;&nbsp;&nbsp;dns_send
<LI><a href="#[a7]">&gt;&gt;</a>&nbsp;&nbsp;&nbsp;dns_recv
</UL>

<P><STRONG><a name="[44e]"></a>_maybe_terminate_alloc</STRONG> (Thumb, 0 bytes, Stack size 0 bytes, maybetermalloc1.o(.emb_text), UNUSED)

<P><STRONG><a name="[306]"></a>__asm___13_lwip_etharp_c_46325f43____REV16</STRONG> (Thumb, 4 bytes, Stack size 0 bytes, lwip_etharp.o(.rev16_text))
<BR><BR>[Called By]<UL><LI><a href="#[311]">&gt;&gt;</a>&nbsp;&nbsp;&nbsp;etharp_raw
<LI><a href="#[304]">&gt;&gt;</a>&nbsp;&nbsp;&nbsp;etharp_arp_input
</UL>

<P><STRONG><a name="[32f]"></a>__asm___18_lwip_inet_chksum_c_7784dc4d____REV16</STRONG> (Thumb, 4 bytes, Stack size 0 bytes, lwip_inet_chksum.o(.rev16_text))
<BR><BR>[Called By]<UL><LI><a href="#[32e]">&gt;&gt;</a>&nbsp;&nbsp;&nbsp;lwip_standard_chksum
<LI><a href="#[333]">&gt;&gt;</a>&nbsp;&nbsp;&nbsp;inet_cksum_pseudo_partial_base
<LI><a href="#[331]">&gt;&gt;</a>&nbsp;&nbsp;&nbsp;inet_cksum_pseudo_base
<LI><a href="#[31d]">&gt;&gt;</a>&nbsp;&nbsp;&nbsp;inet_chksum_pbuf
</UL>

<P><STRONG><a name="[33b]"></a>__asm___10_lwip_ip4_c_2416bc76____REV16</STRONG> (Thumb, 4 bytes, Stack size 0 bytes, lwip_ip4.o(.rev16_text))
<BR><BR>[Called By]<UL><LI><a href="#[340]">&gt;&gt;</a>&nbsp;&nbsp;&nbsp;ip4_output_if_opt_src
<LI><a href="#[e2]">&gt;&gt;</a>&nbsp;&nbsp;&nbsp;ip4_input
</UL>

<P><STRONG><a name="[336]"></a>__asm___15_lwip_ip4_frag_c_8e8622ef____REV16</STRONG> (Thumb, 4 bytes, Stack size 0 bytes, lwip_ip4_frag.o(.rev16_text))
<BR><BR>[Called By]<UL><LI><a href="#[345]">&gt;&gt;</a>&nbsp;&nbsp;&nbsp;ip_reass_chain_frag_into_datagram_and_validate
<LI><a href="#[33c]">&gt;&gt;</a>&nbsp;&nbsp;&nbsp;ip4_reass
<LI><a href="#[335]">&gt;&gt;</a>&nbsp;&nbsp;&nbsp;ip4_frag
</UL>

<P><STRONG><a name="[40b]"></a>__asm___13_lwip_tcp_in_c_1a988eec____REV16</STRONG> (Thumb, 4 bytes, Stack size 0 bytes, lwip_tcp_in.o(.rev16_text))
<BR><BR>[Called By]<UL><LI><a href="#[33e]">&gt;&gt;</a>&nbsp;&nbsp;&nbsp;tcp_input
<LI><a href="#[418]">&gt;&gt;</a>&nbsp;&nbsp;&nbsp;tcp_receive
</UL>

<P><STRONG><a name="[408]"></a>__asm___14_lwip_tcp_out_c_aa11f9a3____REV16</STRONG> (Thumb, 4 bytes, Stack size 0 bytes, lwip_tcp_out.o(.rev16_text))
<BR><BR>[Called By]<UL><LI><a href="#[36f]">&gt;&gt;</a>&nbsp;&nbsp;&nbsp;tcp_write
<LI><a href="#[370]">&gt;&gt;</a>&nbsp;&nbsp;&nbsp;tcp_output
<LI><a href="#[41e]">&gt;&gt;</a>&nbsp;&nbsp;&nbsp;tcp_zero_window_probe
<LI><a href="#[403]">&gt;&gt;</a>&nbsp;&nbsp;&nbsp;tcp_send_fin
<LI><a href="#[3f7]">&gt;&gt;</a>&nbsp;&nbsp;&nbsp;tcp_rst
<LI><a href="#[41c]">&gt;&gt;</a>&nbsp;&nbsp;&nbsp;tcp_seg_add_chksum
<LI><a href="#[415]">&gt;&gt;</a>&nbsp;&nbsp;&nbsp;tcp_output_segment
<LI><a href="#[410]">&gt;&gt;</a>&nbsp;&nbsp;&nbsp;tcp_output_alloc_header
<LI><a href="#[406]">&gt;&gt;</a>&nbsp;&nbsp;&nbsp;tcp_create_segment
</UL>

<P><STRONG><a name="[424]"></a>__asm___10_lwip_udp_c_udp_init____REV16</STRONG> (Thumb, 4 bytes, Stack size 0 bytes, lwip_udp.o(.rev16_text))
<BR><BR>[Called By]<UL><LI><a href="#[33d]">&gt;&gt;</a>&nbsp;&nbsp;&nbsp;udp_input
<LI><a href="#[427]">&gt;&gt;</a>&nbsp;&nbsp;&nbsp;udp_sendto_if_src_chksum
</UL>

<P><STRONG><a name="[10]"></a>Reset_Handler</STRONG> (Thumb, 8 bytes, Stack size 0 bytes, startup_stm32f769xx.o(.text))
<BR>[Address Reference Count : 1]<UL><LI> startup_stm32f769xx.o(RESET)
</UL>
<P><STRONG><a name="[11]"></a>NMI_Handler</STRONG> (Thumb, 2 bytes, Stack size 0 bytes, startup_stm32f769xx.o(.text))
<BR><BR>[Calls]<UL><LI><a href="#[11]">&gt;&gt;</a>&nbsp;&nbsp;&nbsp;NMI_Handler
</UL>
<BR>[Called By]<UL><LI><a href="#[11]">&gt;&gt;</a>&nbsp;&nbsp;&nbsp;NMI_Handler
</UL>
<BR>[Address Reference Count : 1]<UL><LI> startup_stm32f769xx.o(RESET)
</UL>
<P><STRONG><a name="[12]"></a>HardFault_Handler</STRONG> (Thumb, 2 bytes, Stack size 0 bytes, startup_stm32f769xx.o(.text))
<BR><BR>[Calls]<UL><LI><a href="#[12]">&gt;&gt;</a>&nbsp;&nbsp;&nbsp;HardFault_Handler
</UL>
<BR>[Called By]<UL><LI><a href="#[12]">&gt;&gt;</a>&nbsp;&nbsp;&nbsp;HardFault_Handler
</UL>
<BR>[Address Reference Count : 1]<UL><LI> startup_stm32f769xx.o(RESET)
</UL>
<P><STRONG><a name="[13]"></a>MemManage_Handler</STRONG> (Thumb, 2 bytes, Stack size 0 bytes, startup_stm32f769xx.o(.text))
<BR><BR>[Calls]<UL><LI><a href="#[13]">&gt;&gt;</a>&nbsp;&nbsp;&nbsp;MemManage_Handler
</UL>
<BR>[Called By]<UL><LI><a href="#[13]">&gt;&gt;</a>&nbsp;&nbsp;&nbsp;MemManage_Handler
</UL>
<BR>[Address Reference Count : 1]<UL><LI> startup_stm32f769xx.o(RESET)
</UL>
<P><STRONG><a name="[14]"></a>BusFault_Handler</STRONG> (Thumb, 2 bytes, Stack size 0 bytes, startup_stm32f769xx.o(.text))
<BR><BR>[Calls]<UL><LI><a href="#[14]">&gt;&gt;</a>&nbsp;&nbsp;&nbsp;BusFault_Handler
</UL>
<BR>[Called By]<UL><LI><a href="#[14]">&gt;&gt;</a>&nbsp;&nbsp;&nbsp;BusFault_Handler
</UL>
<BR>[Address Reference Count : 1]<UL><LI> startup_stm32f769xx.o(RESET)
</UL>
<P><STRONG><a name="[15]"></a>UsageFault_Handler</STRONG> (Thumb, 2 bytes, Stack size 0 bytes, startup_stm32f769xx.o(.text))
<BR><BR>[Calls]<UL><LI><a href="#[15]">&gt;&gt;</a>&nbsp;&nbsp;&nbsp;UsageFault_Handler
</UL>
<BR>[Called By]<UL><LI><a href="#[15]">&gt;&gt;</a>&nbsp;&nbsp;&nbsp;UsageFault_Handler
</UL>
<BR>[Address Reference Count : 1]<UL><LI> startup_stm32f769xx.o(RESET)
</UL>
<P><STRONG><a name="[17]"></a>DebugMon_Handler</STRONG> (Thumb, 2 bytes, Stack size 0 bytes, startup_stm32f769xx.o(.text))
<BR><BR>[Calls]<UL><LI><a href="#[17]">&gt;&gt;</a>&nbsp;&nbsp;&nbsp;DebugMon_Handler
</UL>
<BR>[Called By]<UL><LI><a href="#[17]">&gt;&gt;</a>&nbsp;&nbsp;&nbsp;DebugMon_Handler
</UL>
<BR>[Address Reference Count : 1]<UL><LI> startup_stm32f769xx.o(RESET)
</UL>
<P><STRONG><a name="[2c]"></a>ADC_IRQHandler</STRONG> (Thumb, 0 bytes, Stack size 0 bytes, startup_stm32f769xx.o(.text))
<BR><BR>[Calls]<UL><LI><a href="#[2c]">&gt;&gt;</a>&nbsp;&nbsp;&nbsp;ADC_IRQHandler
</UL>
<BR>[Called By]<UL><LI><a href="#[2c]">&gt;&gt;</a>&nbsp;&nbsp;&nbsp;ADC_IRQHandler
</UL>
<BR>[Address Reference Count : 1]<UL><LI> startup_stm32f769xx.o(RESET)
</UL>
<P><STRONG><a name="[2f]"></a>CAN1_RX1_IRQHandler</STRONG> (Thumb, 0 bytes, Stack size 0 bytes, startup_stm32f769xx.o(.text))
<BR>[Address Reference Count : 1]<UL><LI> startup_stm32f769xx.o(RESET)
</UL>
<P><STRONG><a name="[5b]"></a>CAN2_RX1_IRQHandler</STRONG> (Thumb, 0 bytes, Stack size 0 bytes, startup_stm32f769xx.o(.text))
<BR>[Address Reference Count : 1]<UL><LI> startup_stm32f769xx.o(RESET)
</UL>
<P><STRONG><a name="[82]"></a>CAN3_RX0_IRQHandler</STRONG> (Thumb, 0 bytes, Stack size 0 bytes, startup_stm32f769xx.o(.text))
<BR>[Address Reference Count : 1]<UL><LI> startup_stm32f769xx.o(RESET)
</UL>
<P><STRONG><a name="[83]"></a>CAN3_RX1_IRQHandler</STRONG> (Thumb, 0 bytes, Stack size 0 bytes, startup_stm32f769xx.o(.text))
<BR>[Address Reference Count : 1]<UL><LI> startup_stm32f769xx.o(RESET)
</UL>
<P><STRONG><a name="[84]"></a>CAN3_SCE_IRQHandler</STRONG> (Thumb, 0 bytes, Stack size 0 bytes, startup_stm32f769xx.o(.text))
<BR>[Address Reference Count : 1]<UL><LI> startup_stm32f769xx.o(RESET)
</UL>
<P><STRONG><a name="[81]"></a>CAN3_TX_IRQHandler</STRONG> (Thumb, 0 bytes, Stack size 0 bytes, startup_stm32f769xx.o(.text))
<BR>[Address Reference Count : 1]<UL><LI> startup_stm32f769xx.o(RESET)
</UL>
<P><STRONG><a name="[77]"></a>CEC_IRQHandler</STRONG> (Thumb, 0 bytes, Stack size 0 bytes, startup_stm32f769xx.o(.text))
<BR>[Address Reference Count : 1]<UL><LI> startup_stm32f769xx.o(RESET)
</UL>
<P><STRONG><a name="[68]"></a>DCMI_IRQHandler</STRONG> (Thumb, 0 bytes, Stack size 0 bytes, startup_stm32f769xx.o(.text))
<BR>[Address Reference Count : 1]<UL><LI> startup_stm32f769xx.o(RESET)
</UL>
<P><STRONG><a name="[7c]"></a>DFSDM1_FLT0_IRQHandler</STRONG> (Thumb, 0 bytes, Stack size 0 bytes, startup_stm32f769xx.o(.text))
<BR>[Address Reference Count : 1]<UL><LI> startup_stm32f769xx.o(RESET)
</UL>
<P><STRONG><a name="[7d]"></a>DFSDM1_FLT1_IRQHandler</STRONG> (Thumb, 0 bytes, Stack size 0 bytes, startup_stm32f769xx.o(.text))
<BR>[Address Reference Count : 1]<UL><LI> startup_stm32f769xx.o(RESET)
</UL>
<P><STRONG><a name="[7e]"></a>DFSDM1_FLT2_IRQHandler</STRONG> (Thumb, 0 bytes, Stack size 0 bytes, startup_stm32f769xx.o(.text))
<BR>[Address Reference Count : 1]<UL><LI> startup_stm32f769xx.o(RESET)
</UL>
<P><STRONG><a name="[7f]"></a>DFSDM1_FLT3_IRQHandler</STRONG> (Thumb, 0 bytes, Stack size 0 bytes, startup_stm32f769xx.o(.text))
<BR>[Address Reference Count : 1]<UL><LI> startup_stm32f769xx.o(RESET)
</UL>
<P><STRONG><a name="[25]"></a>DMA1_Stream0_IRQHandler</STRONG> (Thumb, 0 bytes, Stack size 0 bytes, startup_stm32f769xx.o(.text))
<BR>[Address Reference Count : 1]<UL><LI> startup_stm32f769xx.o(RESET)
</UL>
<P><STRONG><a name="[26]"></a>DMA1_Stream1_IRQHandler</STRONG> (Thumb, 0 bytes, Stack size 0 bytes, startup_stm32f769xx.o(.text))
<BR>[Address Reference Count : 1]<UL><LI> startup_stm32f769xx.o(RESET)
</UL>
<P><STRONG><a name="[27]"></a>DMA1_Stream2_IRQHandler</STRONG> (Thumb, 0 bytes, Stack size 0 bytes, startup_stm32f769xx.o(.text))
<BR>[Address Reference Count : 1]<UL><LI> startup_stm32f769xx.o(RESET)
</UL>
<P><STRONG><a name="[28]"></a>DMA1_Stream3_IRQHandler</STRONG> (Thumb, 0 bytes, Stack size 0 bytes, startup_stm32f769xx.o(.text))
<BR>[Address Reference Count : 1]<UL><LI> startup_stm32f769xx.o(RESET)
</UL>
<P><STRONG><a name="[29]"></a>DMA1_Stream4_IRQHandler</STRONG> (Thumb, 0 bytes, Stack size 0 bytes, startup_stm32f769xx.o(.text))
<BR>[Address Reference Count : 1]<UL><LI> startup_stm32f769xx.o(RESET)
</UL>
[...]
</UL>
<P><STRONG><a name="[42c]"></a>SCB_CleanInvalidateDCache()</STRONG> (Thumb, 122 bytes, Stack size 20 bytes, serialbase.o(i._Z25SCB_CleanInvalidateDCachev))
<BR><BR>[Stack]<UL><LI>Max Depth = 20<LI>Call Chain = SCB_CleanInvalidateDCache()
</UL>
<BR>[Called By]<UL><LI><a href="#[24e]">&gt;&gt;</a>&nbsp;&nbsp;&nbsp;CThunk&lang;mbed::SerialBase&rang;::init(mbed::SerialBase*, void(mbed::SerialBase::*)(void*), void*)
</UL>

<P><STRONG><a name="[97]"></a>mbed::donothing()</STRONG> (Thumb, 2 bytes, Stack size 0 bytes, serialbase.o(i._ZN4mbed9donothingEv))
<BR>[Address Reference Count : 1]<UL><LI> serialbase.o(i._ZN4mbed10SerialBaseC1E7PinNameS1_i)
</UL>
<P><STRONG><a name="[233]"></a>ipv4_is_valid(const char*)</STRONG> (Thumb, 56 bytes, Stack size 0 bytes, socketaddress.o(i._Z13ipv4_is_validPKc))
<BR><BR>[Called By]<UL><LI><a href="#[232]">&gt;&gt;</a>&nbsp;&nbsp;&nbsp;SocketAddress::set_ip_address(const char*)
</UL>

<P><STRONG><a name="[234]"></a>ipv6_is_valid(const char*)</STRONG> (Thumb, 82 bytes, Stack size 0 bytes, socketaddress.o(i._Z13ipv6_is_validPKc))
<BR><BR>[Called By]<UL><LI><a href="#[232]">&gt;&gt;</a>&nbsp;&nbsp;&nbsp;SocketAddress::set_ip_address(const char*)
</UL>

<P><STRONG><a name="[22b]"></a>ipv4_to_address(char*, const unsigned char*)</STRONG> (Thumb, 28 bytes, Stack size 24 bytes, socketaddress.o(i._Z15ipv4_to_addressPcPKh))
<BR><BR>[Stack]<UL><LI>Max Depth = 160 + Unknown Stack Size
<LI>Call Chain = ipv4_to_address(char*, const unsigned char*) &rArr; __2sprintf &rArr; _printf_char_common &rArr; __printf
</UL>
<BR>[Calls]<UL><LI><a href="#[181]">&gt;&gt;</a>&nbsp;&nbsp;&nbsp;__2sprintf
</UL>
<BR>[Called By]<UL><LI><a href="#[289]">&gt;&gt;</a>&nbsp;&nbsp;&nbsp;SocketAddress::get_ip_address() const
</UL>

<P><STRONG><a name="[22c]"></a>ipv6_scan_chunk(unsigned short*, const char*)</STRONG> (Thumb, 76 bytes, Stack size 32 bytes, socketaddress.o(i._Z15ipv6_scan_chunkPtPKc))
<BR><BR>[Stack]<UL><LI>Max Depth = 256<LI>Call Chain = ipv6_scan_chunk(unsigned short*, const char*) &rArr; __0sscanf &rArr; __vfscanf_char &rArr; __vfscanf &rArr; _scanf_int
</UL>
<BR>[Calls]<UL><LI><a href="#[18d]">&gt;&gt;</a>&nbsp;&nbsp;&nbsp;__0sscanf
</UL>
<BR>[Called By]<UL><LI><a href="#[22f]">&gt;&gt;</a>&nbsp;&nbsp;&nbsp;ipv6_from_address(unsigned char*, const char*)
</UL>

<P><STRONG><a name="[22d]"></a>ipv6_to_address(char*, const unsigned char*)</STRONG> (Thumb, 56 bytes, Stack size 16 bytes, socketaddress.o(i._Z15ipv6_to_addressPcPKh))
<BR><BR>[Stack]<UL><LI>Max Depth = 152 + Unknown Stack Size
<LI>Call Chain = ipv6_to_address(char*, const unsigned char*) &rArr; __2sprintf &rArr; _printf_char_common &rArr; __printf
</UL>
<BR>[Calls]<UL><LI><a href="#[181]">&gt;&gt;</a>&nbsp;&nbsp;&nbsp;__2sprintf
</UL>
<BR>[Called By]<UL><LI><a href="#[289]">&gt;&gt;</a>&nbsp;&nbsp;&nbsp;SocketAddress::get_ip_address() const
</UL>

<P><STRONG><a name="[22e]"></a>ipv4_from_address(unsigned char*, const char*)</STRONG> (Thumb, 70 bytes, Stack size 32 bytes, socketaddress.o(i._Z17ipv4_from_addressPhPKc))
<BR><BR>[Stack]<UL><LI>Max Depth = 256<LI>Call Chain = ipv4_from_address(unsigned char*, const char*) &rArr; __0sscanf &rArr; __vfscanf_char &rArr; __vfscanf &rArr; _scanf_int
</UL>
<BR>[Calls]<UL><LI><a href="#[18d]">&gt;&gt;</a>&nbsp;&nbsp;&nbsp;__0sscanf
</UL>
<BR>[Called By]<UL><LI><a href="#[232]">&gt;&gt;</a>&nbsp;&nbsp;&nbsp;SocketAddress::set_ip_address(const char*)
</UL>

<P><STRONG><a name="[22f]"></a>ipv6_from_address(unsigned char*, const char*)</STRONG> (Thumb, 122 bytes, Stack size 40 bytes, socketaddress.o(i._Z17ipv6_from_addressPhPKc))
<BR><BR>[Stack]<UL><LI>Max Depth = 296<LI>Call Chain = ipv6_from_address(unsigned char*, const char*) &rArr; ipv6_scan_chunk(unsigned short*, const char*) &rArr; __0sscanf &rArr; __vfscanf_char &rArr; __vfscanf &rArr; _scanf_int
</UL>
<BR>[Calls]<UL><LI><a href="#[22c]">&gt;&gt;</a>&nbsp;&nbsp;&nbsp;ipv6_scan_chunk(unsigned short*, const char*)
<LI><a href="#[196]">&gt;&gt;</a>&nbsp;&nbsp;&nbsp;__aeabi_memclr4
<LI><a href="#[230]">&gt;&gt;</a>&nbsp;&nbsp;&nbsp;__aeabi_memmove
</UL>
<BR>[Called By]<UL><LI><a href="#[232]">&gt;&gt;</a>&nbsp;&nbsp;&nbsp;SocketAddress::set_ip_address(const char*)
</UL>

<P><STRONG><a name="[130]"></a>__sti___7_SPI_cpp_ab1f1164</STRONG> (Thumb, 44 bytes, Stack size 16 bytes, spi.o(i.__sti___7_SPI_cpp_ab1f1164))
<BR><BR>[Stack]<UL><LI>Max Depth = 40<LI>Call Chain = __sti___7_SPI_cpp_ab1f1164 &rArr; __aeabi_vec_ctor_nocookie_nodtor
</UL>
<BR>[Calls]<UL><LI><a href="#[28a]">&gt;&gt;</a>&nbsp;&nbsp;&nbsp;__aeabi_atexit
<LI><a href="#[250]">&gt;&gt;</a>&nbsp;&nbsp;&nbsp;__aeabi_vec_ctor_nocookie_nodtor
</UL>
<BR>[Address Reference Count : 1]<UL><LI> spi.o(.init_array)
</UL>
<P><STRONG><a name="[1fe]"></a>NVIC_GetPriorityGrouping</STRONG> (Thumb, 10 bytes, Stack size 0 bytes, stm32f7xx_hal_cortex.o(i.NVIC_GetPriorityGrouping))
<BR><BR>[Called By]<UL><LI><a href="#[1ee]">&gt;&gt;</a>&nbsp;&nbsp;&nbsp;HAL_NVIC_SetPriority
</UL>

<P><STRONG><a name="[1ff]"></a>NVIC_SetPriority</STRONG> (Thumb, 32 bytes, Stack size 8 bytes, stm32f7xx_hal_cortex.o(i.NVIC_SetPriority))
<BR><BR>[Stack]<UL><LI>Max Depth = 8<LI>Call Chain = NVIC_SetPriority
</UL>
<BR>[Called By]<UL><LI><a href="#[1ee]">&gt;&gt;</a>&nbsp;&nbsp;&nbsp;HAL_NVIC_SetPriority
</UL>

<P><STRONG><a name="[1f3]"></a>ETH_DMAReceptionEnable</STRONG> (Thumb, 22 bytes, Stack size 0 bytes, stm32f7xx_hal_eth.o(i.ETH_DMAReceptionEnable))
<BR><BR>[Called By]<UL><LI><a href="#[1f1]">&gt;&gt;</a>&nbsp;&nbsp;&nbsp;HAL_ETH_Start
</UL>

<P><STRONG><a name="[1f2]"></a>ETH_DMATransmissionEnable</STRONG> (Thumb, 22 bytes, Stack size 0 bytes, stm32f7xx_hal_eth.o(i.ETH_DMATransmissionEnable))
<BR><BR>[Called By]<UL><LI><a href="#[1f1]">&gt;&gt;</a>&nbsp;&nbsp;&nbsp;HAL_ETH_Start
</UL>

<P><STRONG><a name="[1dd]"></a>ETH_FlushTransmitFIFO</STRONG> (Thumb, 56 bytes, Stack size 16 bytes, stm32f7xx_hal_eth.o(i.ETH_FlushTransmitFIFO))
<BR><BR>[Stack]<UL><LI>Max Depth = 112<LI>Call Chain = ETH_FlushTransmitFIFO &rArr; HAL_Delay &rArr; us_ticker_read &rArr; us_ticker_init &rArr; HAL_InitTick &rArr; HAL_TIM_OC_Start &rArr; TIM_CCxChannelCmd
</UL>
<BR>[Calls]<UL><LI><a href="#[1de]">&gt;&gt;</a>&nbsp;&nbsp;&nbsp;HAL_Delay
</UL>
<BR>[Called By]<UL><LI><a href="#[1f1]">&gt;&gt;</a>&nbsp;&nbsp;&nbsp;HAL_ETH_Start
</UL>

<P><STRONG><a name="[1e1]"></a>ETH_MACAddressConfig</STRONG> (Thumb, 48 bytes, Stack size 12 bytes, stm32f7xx_hal_eth.o(i.ETH_MACAddressConfig))
<BR><BR>[Stack]<UL><LI>Max Depth = 12<LI>Call Chain = ETH_MACAddressConfig
</UL>
<BR>[Called By]<UL><LI><a href="#[1e0]">&gt;&gt;</a>&nbsp;&nbsp;&nbsp;ETH_MACDMAConfig
</UL>

<P><STRONG><a name="[1e0]"></a>ETH_MACDMAConfig</STRONG> (Thumb, 566 bytes, Stack size 200 bytes, stm32f7xx_hal_eth.o(i.ETH_MACDMAConfig))
<BR><BR>[Stack]<UL><LI>Max Depth = 296<LI>Call Chain = ETH_MACDMAConfig &rArr; HAL_Delay &rArr; us_ticker_read &rArr; us_ticker_init &rArr; HAL_InitTick &rArr; HAL_TIM_OC_Start &rArr; TIM_CCxChannelCmd
</UL>
<BR>[Calls]<UL><LI><a href="#[1de]">&gt;&gt;</a>&nbsp;&nbsp;&nbsp;HAL_Delay
<LI><a href="#[1e1]">&gt;&gt;</a>&nbsp;&nbsp;&nbsp;ETH_MACAddressConfig
</UL>
<BR>[Called By]<UL><LI><a href="#[1e7]">&gt;&gt;</a>&nbsp;&nbsp;&nbsp;HAL_ETH_Init
</UL>

<P><STRONG><a name="[1e2]"></a>ETH_MACReceptionEnable</STRONG> (Thumb, 40 bytes, Stack size 16 bytes, stm32f7xx_hal_eth.o(i.ETH_MACReceptionEnable))
<BR><BR>[Stack]<UL><LI>Max Depth = 112<LI>Call Chain = ETH_MACReceptionEnable &rArr; HAL_Delay &rArr; us_ticker_read &rArr; us_ticker_init &rArr; HAL_InitTick &rArr; HAL_TIM_OC_Start &rArr; TIM_CCxChannelCmd
</UL>
<BR>[Calls]<UL><LI><a href="#[1de]">&gt;&gt;</a>&nbsp;&nbsp;&nbsp;HAL_Delay
</UL>
<BR>[Called By]<UL><LI><a href="#[1f1]">&gt;&gt;</a>&nbsp;&nbsp;&nbsp;HAL_ETH_Start
</UL>

<P><STRONG><a name="[1e3]"></a>ETH_MACTransmissionEnable</STRONG> (Thumb, 40 bytes, Stack size 16 bytes, stm32f7xx_hal_eth.o(i.ETH_MACTransmissionEnable))
<BR><BR>[Stack]<UL><LI>Max Depth = 112<LI>Call Chain = ETH_MACTransmissionEnable &rArr; HAL_Delay &rArr; us_ticker_read &rArr; us_ticker_init &rArr; HAL_InitTick &rArr; HAL_TIM_OC_Start &rArr; TIM_CCxChannelCmd
</UL>
<BR>[Calls]<UL><LI><a href="#[1de]">&gt;&gt;</a>&nbsp;&nbsp;&nbsp;HAL_Delay
</UL>
<BR>[Called By]<UL><LI><a href="#[1f1]">&gt;&gt;</a>&nbsp;&nbsp;&nbsp;HAL_ETH_Start
</UL>

<P><STRONG><a name="[95]"></a>UART_DMAAbortOnError</STRONG> (Thumb, 24 bytes, Stack size 16 bytes, stm32f7xx_hal_uart.o(i.UART_DMAAbortOnError))
<BR><BR>[Stack]<UL><LI>Max Depth = 16<LI>Call Chain = UART_DMAAbortOnError
</UL>
<BR>[Calls]<UL><LI><a href="#[20c]">&gt;&gt;</a>&nbsp;&nbsp;&nbsp;HAL_UART_ErrorCallback
</UL>
<BR>[Address Reference Count : 1]<UL><LI> stm32f7xx_hal_uart.o(i.HAL_UART_IRQHandler)
</UL>
<P><STRONG><a name="[20a]"></a>UART_EndRxTransfer</STRONG> (Thumb, 32 bytes, Stack size 0 bytes, stm32f7xx_hal_uart.o(i.UART_EndRxTransfer))
<BR><BR>[Called By]<UL><LI><a href="#[208]">&gt;&gt;</a>&nbsp;&nbsp;&nbsp;HAL_UART_IRQHandler
</UL>

<P><STRONG><a name="[20e]"></a>UART_EndTransmit_IT</STRONG> (Thumb, 32 bytes, Stack size 8 bytes, stm32f7xx_hal_uart.o(i.UART_EndTransmit_IT))
<BR><BR>[Stack]<UL><LI>Max Depth = 8<LI>Call Chain = UART_EndTransmit_IT
</UL>
<BR>[Calls]<UL><LI><a href="#[21c]">&gt;&gt;</a>&nbsp;&nbsp;&nbsp;HAL_UART_TxCpltCallback
</UL>
<BR>[Called By]<UL><LI><a href="#[208]">&gt;&gt;</a>&nbsp;&nbsp;&nbsp;HAL_UART_IRQHandler
</UL>

<P><STRONG><a name="[209]"></a>UART_Receive_IT</STRONG> (Thumb, 136 bytes, Stack size 16 bytes, stm32f7xx_hal_uart.o(i.UART_Receive_IT))
<BR><BR>[Stack]<UL><LI>Max Depth = 16<LI>Call Chain = UART_Receive_IT
</UL>
<BR>[Calls]<UL><LI><a href="#[21d]">&gt;&gt;</a>&nbsp;&nbsp;&nbsp;HAL_UART_RxCpltCallback
</UL>
<BR>[Called By]<UL><LI><a href="#[208]">&gt;&gt;</a>&nbsp;&nbsp;&nbsp;HAL_UART_IRQHandler
</UL>

<P><STRONG><a name="[20d]"></a>UART_Transmit_IT</STRONG> (Thumb, 106 bytes, Stack size 0 bytes, stm32f7xx_hal_uart.o(i.UART_Transmit_IT))
<BR><BR>[Called By]<UL><LI><a href="#[208]">&gt;&gt;</a>&nbsp;&nbsp;&nbsp;HAL_UART_IRQHandler
</UL>

<P><STRONG><a name="[28d]"></a>_eth_arch_low_level_init</STRONG> (Thumb, 178 bytes, Stack size 24 bytes, stm32xx_emac.o(i._eth_arch_low_level_init))
<BR><BR>[Stack]<UL><LI>Max Depth = 352<LI>Call Chain = _eth_arch_low_level_init &rArr; HAL_ETH_Init &rArr; ETH_MACDMAConfig &rArr; HAL_Delay &rArr; us_ticker_read &rArr; us_ticker_init &rArr; HAL_InitTick &rArr; HAL_TIM_OC_Start &rArr; TIM_CCxChannelCmd
</UL>
<BR>[Calls]<UL><LI><a href="#[1f1]">&gt;&gt;</a>&nbsp;&nbsp;&nbsp;HAL_ETH_Start
<LI><a href="#[1e7]">&gt;&gt;</a>&nbsp;&nbsp;&nbsp;HAL_ETH_Init
<LI><a href="#[28f]">&gt;&gt;</a>&nbsp;&nbsp;&nbsp;HAL_ETH_DMATxDescListInit
<LI><a href="#[290]">&gt;&gt;</a>&nbsp;&nbsp;&nbsp;HAL_ETH_DMARxDescListInit
<LI><a href="#[28e]">&gt;&gt;</a>&nbsp;&nbsp;&nbsp;mbed_mac_address
</UL>
<BR>[Called By]<UL><LI><a href="#[b7]">&gt;&gt;</a>&nbsp;&nbsp;&nbsp;eth_arch_enetif_init
</UL>

<P><STRONG><a name="[291]"></a>_eth_arch_low_level_input</STRONG> (Thumb, 254 bytes, Stack size 40 bytes, stm32xx_emac.o(i._eth_arch_low_level_input))
<BR><BR>[Stack]<UL><LI>Max Depth = 568 + Unknown Stack Size
<LI>Call Chain = _eth_arch_low_level_input &rArr; pbuf_alloc &rArr; pbuf_free &rArr; memp_free &rArr; do_memp_free_pool &rArr; sys_arch_unprotect &rArr; error &rArr; mbed_error_vfprintf &rArr; serial_init &rArr; pinmap_pinout &rArr;  error (Cycle)
</UL>
<BR>[Calls]<UL><LI><a href="#[293]">&gt;&gt;</a>&nbsp;&nbsp;&nbsp;pbuf_alloc
<LI><a href="#[292]">&gt;&gt;</a>&nbsp;&nbsp;&nbsp;HAL_ETH_GetReceivedFrame
<LI><a href="#[1a4]">&gt;&gt;</a>&nbsp;&nbsp;&nbsp;__aeabi_memcpy
</UL>
<BR>[Called By]<UL><LI><a href="#[aa]">&gt;&gt;</a>&nbsp;&nbsp;&nbsp;_eth_arch_rx_task
</UL>

<P><STRONG><a name="[a9]"></a>_eth_arch_low_level_output</STRONG> (Thumb, 238 bytes, Stack size 40 bytes, stm32xx_emac.o(i._eth_arch_low_level_output))
<BR><BR>[Stack]<UL><LI>Max Depth = 456 + Unknown Stack Size
<LI>Call Chain = _eth_arch_low_level_output &rArr; sys_mutex_unlock &rArr; error &rArr; mbed_error_vfprintf &rArr; serial_init &rArr; pinmap_pinout &rArr;  error (Cycle)
</UL>
<BR>[Calls]<UL><LI><a href="#[296]">&gt;&gt;</a>&nbsp;&nbsp;&nbsp;sys_mutex_unlock
<LI><a href="#[294]">&gt;&gt;</a>&nbsp;&nbsp;&nbsp;sys_mutex_lock
<LI><a href="#[295]">&gt;&gt;</a>&nbsp;&nbsp;&nbsp;HAL_ETH_TransmitFrame
<LI><a href="#[1a4]">&gt;&gt;</a>&nbsp;&nbsp;&nbsp;__aeabi_memcpy
</UL>
<BR>[Address Reference Count : 1]<UL><LI> stm32xx_emac.o(i.eth_arch_enetif_init)
</UL>
<P><STRONG><a name="[a8]"></a>_eth_arch_netif_output_ipv4</STRONG> (Thumb, 36 bytes, Stack size 16 bytes, stm32xx_emac.o(i._eth_arch_netif_output_ipv4))
<BR><BR>[Stack]<UL><LI>Max Depth = 712 + Unknown Stack Size
<LI>Call Chain = _eth_arch_netif_output_ipv4 &rArr; etharp_output &rArr; etharp_query &rArr; etharp_request &rArr; etharp_request_dst &rArr; etharp_raw &rArr; pbuf_alloc &rArr; pbuf_free &rArr; memp_free &rArr; do_memp_free_pool &rArr; sys_arch_unprotect &rArr; error &rArr; mbed_error_vfprintf &rArr; serial_init &rArr; pinmap_pinout &rArr;  error (Cycle)
</UL>
<BR>[Calls]<UL><LI><a href="#[297]">&gt;&gt;</a>&nbsp;&nbsp;&nbsp;etharp_output
</UL>
<BR>[Address Reference Count : 1]<UL><LI> stm32xx_emac.o(i.eth_arch_enetif_init)
</UL>
<P><STRONG><a name="[ab]"></a>_eth_arch_phy_task</STRONG> (Thumb, 84 bytes, Stack size 8 bytes, stm32xx_emac.o(i._eth_arch_phy_task))
<BR><BR>[Stack]<UL><LI>Max Depth = 544 + Unknown Stack Size
<LI>Call Chain = _eth_arch_phy_task &rArr; tcpip_callback_with_block &rArr; sys_mbox_trypost &rArr; osMessagePut &rArr; isrMessagePut &rArr; isr_mbx_send &rArr; rt_psq_enq &rArr; os_error &rArr; error &rArr; mbed_error_vfprintf &rArr; serial_init &rArr; pinmap_pinout &rArr;  error (Cycle)
</UL>
<BR>[Calls]<UL><LI><a href="#[298]">&gt;&gt;</a>&nbsp;&nbsp;&nbsp;tcpip_callback_with_block
<LI><a href="#[26c]">&gt;&gt;</a>&nbsp;&nbsp;&nbsp;osDelay
<LI><a href="#[1ec]">&gt;&gt;</a>&nbsp;&nbsp;&nbsp;HAL_ETH_ReadPHYRegister
</UL>
<BR>[Address Reference Count : 1]<UL><LI> stm32xx_emac.o(i.eth_arch_enetif_init)
</UL>
<P><STRONG><a name="[aa]"></a>_eth_arch_rx_task</STRONG> (Thumb, 44 bytes, Stack size 0 bytes, stm32xx_emac.o(i._eth_arch_rx_task))
<BR><BR>[Stack]<UL><LI>Max Depth = 568 + Unknown Stack Size
<LI>Call Chain = _eth_arch_rx_task &rArr; _eth_arch_low_level_input &rArr; pbuf_alloc &rArr; pbuf_free &rArr; memp_free &rArr; do_memp_free_pool &rArr; sys_arch_unprotect &rArr; error &rArr; mbed_error_vfprintf &rArr; serial_init &rArr; pinmap_pinout &rArr;  error (Cycle)
</UL>
<BR>[Calls]<UL><LI><a href="#[299]">&gt;&gt;</a>&nbsp;&nbsp;&nbsp;sys_arch_sem_wait
<LI><a href="#[29a]">&gt;&gt;</a>&nbsp;&nbsp;&nbsp;pbuf_free
<LI><a href="#[291]">&gt;&gt;</a>&nbsp;&nbsp;&nbsp;_eth_arch_low_level_input
</UL>
<BR>[Address Reference Count : 1]<UL><LI> stm32xx_emac.o(i.eth_arch_enetif_init)
</UL>
<P><STRONG><a name="[218]"></a>SCB_EnableDCache</STRONG> (Thumb, 154 bytes, Stack size 20 bytes, system_stm32f7xx.o(i.SCB_EnableDCache))
<BR><BR>[Stack]<UL><LI>Max Depth = 20<LI>Call Chain = SCB_EnableDCache
</UL>
<BR>[Called By]<UL><LI><a href="#[89]">&gt;&gt;</a>&nbsp;&nbsp;&nbsp;SystemInit
<LI><a href="#[216]">&gt;&gt;</a>&nbsp;&nbsp;&nbsp;SetSysClock_PLL_HSI
</UL>

<P><STRONG><a name="[217]"></a>SCB_EnableICache</STRONG> (Thumb, 84 bytes, Stack size 0 bytes, system_stm32f7xx.o(i.SCB_EnableICache))
<BR><BR>[Called By]<UL><LI><a href="#[89]">&gt;&gt;</a>&nbsp;&nbsp;&nbsp;SystemInit
<LI><a href="#[216]">&gt;&gt;</a>&nbsp;&nbsp;&nbsp;SetSysClock_PLL_HSI
</UL>

<P><STRONG><a name="[221]"></a>gpio_read(gpio_t*)</STRONG> (Thumb, 44 bytes, Stack size 8 bytes, main.o(i._Z9gpio_readP6gpio_t))
<BR><BR>[Stack]<UL><LI>Max Depth = 128<LI>Call Chain = gpio_read(gpio_t*) &rArr; mbed_assert_internal &rArr; mbed_die &rArr; wait_ms &rArr; wait_us &rArr; us_ticker_read &rArr; us_ticker_init &rArr; HAL_InitTick &rArr; HAL_TIM_OC_Start &rArr; TIM_CCxChannelCmd
</UL>
<BR>[Calls]<UL><LI><a href="#[231]">&gt;&gt;</a>&nbsp;&nbsp;&nbsp;mbed_assert_internal
</UL>
<BR>[Called By]<UL><LI><a href="#[222]">&gt;&gt;</a>&nbsp;&nbsp;&nbsp;mbed::DigitalOut::operator int()
<LI><a href="#[b4]">&gt;&gt;</a>&nbsp;&nbsp;&nbsp;SendtoClient()
</UL>

<P><STRONG><a name="[131]"></a>__sti___8_main_cpp_pc</STRONG> (Thumb, 150 bytes, Stack size 48 bytes, main.o(i.__sti___8_main_cpp_pc))
<BR><BR>[Stack]<UL><LI>Max Depth = 688 + Unknown Stack Size
<LI>Call Chain = __sti___8_main_cpp_pc &rArr; mbed::Serial::Serial(PinName, PinName, const char*, int) &rArr; mbed::Stream::Stream__sub_object(const char*) &rArr; fopen &rArr; _freopen_locked &rArr; _sys_open &rArr; mbed::FilePath::FilePath(const char*) &rArr; mbed::FileBase::lookup(const char*, unsigned) &rArr; SingletonPtr&lang;rtos::Mutex&rang;::operator -&rang;() &rArr; SingletonPtr&lang;rtos::Mutex&rang;::get() &rArr; rtos::Mutex::Mutex() &rArr; error &rArr; mbed_error_vfprintf &rArr; serial_init &rArr; pinmap_pinout &rArr;  error (Cycle)
</UL>
<BR>[Calls]<UL><LI><a href="#[28b]">&gt;&gt;</a>&nbsp;&nbsp;&nbsp;gpio_init_in
<LI><a href="#[243]">&gt;&gt;</a>&nbsp;&nbsp;&nbsp;mbed::DigitalOut::DigitalOut(PinName)
<LI><a href="#[28a]">&gt;&gt;</a>&nbsp;&nbsp;&nbsp;__aeabi_atexit
<LI><a href="#[236]">&gt;&gt;</a>&nbsp;&nbsp;&nbsp;SocketAddress::SocketAddress(nsapi_addr, unsigned short)
<LI><a href="#[258]">&gt;&gt;</a>&nbsp;&nbsp;&nbsp;mbed::Serial::Serial(PinName, PinName, const char*, int)
<LI><a href="#[288]">&gt;&gt;</a>&nbsp;&nbsp;&nbsp;TCPSocket::TCPSocket()
<LI><a href="#[286]">&gt;&gt;</a>&nbsp;&nbsp;&nbsp;TCPServer::TCPServer()
<LI><a href="#[196]">&gt;&gt;</a>&nbsp;&nbsp;&nbsp;__aeabi_memclr4
</UL>
<BR>[Address Reference Count : 1]<UL><LI> main.o(.init_array)
</UL>
<P><STRONG><a name="[176]"></a>Heap1_SizeAdjust</STRONG> (Thumb, 8 bytes, Stack size 0 bytes, h1_alloc_mt.o(.text))
<BR><BR>[Called By]<UL><LI><a href="#[175]">&gt;&gt;</a>&nbsp;&nbsp;&nbsp;_malloc_internal
</UL>

<P><STRONG><a name="[19b]"></a>_freopen_locked</STRONG> (Thumb, 174 bytes, Stack size 32 bytes, fopen_locked.o(.text))
<BR><BR>[Stack]<UL><LI>Max Depth = 568 + Unknown Stack Size
<LI>Call Chain = _freopen_locked &rArr; _sys_open &rArr; mbed::FilePath::FilePath(const char*) &rArr; mbed::FileBase::lookup(const char*, unsigned) &rArr; SingletonPtr&lang;rtos::Mutex&rang;::operator -&rang;() &rArr; SingletonPtr&lang;rtos::Mutex&rang;::get() &rArr; rtos::Mutex::Mutex() &rArr; error &rArr; mbed_error_vfprintf &rArr; serial_init &rArr; pinmap_pinout &rArr;  error (Cycle)
</UL>
<BR>[Calls]<UL><LI><a href="#[19c]">&gt;&gt;</a>&nbsp;&nbsp;&nbsp;_sys_open
<LI><a href="#[134]">&gt;&gt;</a>&nbsp;&nbsp;&nbsp;_mutex_release
<LI><a href="#[133]">&gt;&gt;</a>&nbsp;&nbsp;&nbsp;_mutex_acquire
<LI><a href="#[199]">&gt;&gt;</a>&nbsp;&nbsp;&nbsp;_fseek
<LI><a href="#[193]">&gt;&gt;</a>&nbsp;&nbsp;&nbsp;_fclose_internal
</UL>
<BR>[Called By]<UL><LI><a href="#[19e]">&gt;&gt;</a>&nbsp;&nbsp;&nbsp;fopen
<LI><a href="#[19d]">&gt;&gt;</a>&nbsp;&nbsp;&nbsp;freopen
</UL>

<P><STRONG><a name="[90]"></a>_printf_input_char</STRONG> (Thumb, 10 bytes, Stack size 0 bytes, _printf_char_common.o(.text))
<BR>[Address Reference Count : 1]<UL><LI> _printf_char_common.o(.text)
</UL>
<P><STRONG><a name="[91]"></a>_scanf_char_input</STRONG> (Thumb, 12 bytes, Stack size 0 bytes, scanf_char.o(.text))
<BR>[Address Reference Count : 1]<UL><LI> scanf_char.o(.text)
</UL>
<P><STRONG><a name="[1c2]"></a>_fp_digits</STRONG> (Thumb, 428 bytes, Stack size 96 bytes, _printf_fp_dec.o(.text))
<BR><BR>[Stack]<UL><LI>Max Depth = 216<LI>Call Chain = _fp_digits &rArr; _btod_etento &rArr; _btod_emul &rArr; _e2e
</UL>
<BR>[Calls]<UL><LI><a href="#[1c6]">&gt;&gt;</a>&nbsp;&nbsp;&nbsp;_btod_emul
<LI><a href="#[1c5]">&gt;&gt;</a>&nbsp;&nbsp;&nbsp;_btod_ediv
<LI><a href="#[1c4]">&gt;&gt;</a>&nbsp;&nbsp;&nbsp;_btod_d2e
<LI><a href="#[1c3]">&gt;&gt;</a>&nbsp;&nbsp;&nbsp;_btod_etento
<LI><a href="#[1b0]">&gt;&gt;</a>&nbsp;&nbsp;&nbsp;_ll_udiv10
</UL>
<BR>[Called By]<UL><LI><a href="#[1c7]">&gt;&gt;</a>&nbsp;&nbsp;&nbsp;_printf_fp_dec_real
</UL>
<P>
<H3>
Undefined Global Symbols
</H3><HR></body></html>
