<html>
<body>
<pre>
<h1>µVision Build Log</h1>
<h2>Tool Versions:</h2>
IDE-Version: £gVision V5.18.0.0
Copyright (C) 2016 ARM Ltd and ARM Germany GmbH. All rights reserved.
License Information: Dong ZongBin, National Central University, LIC=3UUFW-QWEQ8-MQY0F-6AGVV-CILFL-285CI
 
Tool Versions:
Toolchain:       MDK-ARM Professional  Version: 5.18
Toolchain Path:  C:\Keil_v5\ARM\ARMCC\Bin
C Compiler:      Armcc.exe V5.06 update 1 (build 61)
Assembler:       Armasm.exe V5.06 update 1 (build 61)
Linker/Locator:  ArmLink.exe V5.06 update 1 (build 61)
Library Manager: ArmAr.exe V5.06 update 1 (build 61)
Hex Converter:   FromElf.exe V5.06 update 1 (build 61)
CPU DLL:         
Dialog DLL:      DCM.DLL V1.13.6.0
Target DLL:      STLink\ST-LINKIII-KEIL_SWO.dll V2.0.18.0
Dialog DLL:      TCM.DLL V1.14.8.0
 
<h2>Project:</h2>
D:\MIAT\mbed-os-tcp-server-example_uvision5_nucleo_f767zi (1)\mbed-os-tcp-server-example\mbed-os-tcp-server-example.uvprojx
Project File Date:  05/05/2017

<h2>Output:</h2>
*** Using Compiler 'V5.06 update 1 (build 61)', folder: 'C:\Keil_v5\ARM\ARMCC\Bin'
Build target 'mbed-os-tcp-server-example'
compiling main.cpp...
mbed-os/features/FEATURE_LWIP/lwip-interface/lwip/src/include/lwip/ip4_addr.h(60): warning:  #3135-D: attribute does not apply to any entity
  PACK_STRUCT_BEGIN
mbed-os/features/FEATURE_LWIP/lwip-interface/lwip/src/include/lwip/ip4_addr.h(81): warning:  #3135-D: attribute does not apply to any entity
  PACK_STRUCT_BEGIN
main.cpp: 2 warnings, 0 errors
linking...
Program Size: Code=89918 RO-data=5098 RW-data=536 ZI-data=57640  
".\BUILD\mbed-os-tcp-server-example.axf" - 0 Error(s), 2 Warning(s).

<h2>Collection of Component include folders:</h2>
  D:\MIAT\mbed-os-tcp-server-example_uvision5_nucleo_f767zi (1)\mbed-os-tcp-server-example\RTE
  C:\Keil_v5\ARM\PACK\Keil\STM32F7xx_DFP\2.9.0\Drivers\CMSIS\Device\ST\STM32F7xx\Include

<h2>Collection of Component Files used:</h2>
Build Time Elapsed:  00:00:14
</pre>
</body>
</html>
